Archive member included to satisfy reference by file (symbol)

c:/ac6/systemworkbench/plugins/fr.ac6.mcu.externaltools.arm-none.win32_1.13.2.201703061525/tools/compiler/bin/../lib/gcc/arm-none-eabi/5.4.1/armv7-m\libgcc.a(_arm_addsubdf3.o)
                              src/main.o (__aeabi_dadd)
c:/ac6/systemworkbench/plugins/fr.ac6.mcu.externaltools.arm-none.win32_1.13.2.201703061525/tools/compiler/bin/../lib/gcc/arm-none-eabi/5.4.1/armv7-m\libgcc.a(_arm_muldivdf3.o)
                              src/main.o (__aeabi_dmul)
c:/ac6/systemworkbench/plugins/fr.ac6.mcu.externaltools.arm-none.win32_1.13.2.201703061525/tools/compiler/bin/../lib/gcc/arm-none-eabi/5.4.1/armv7-m\libgcc.a(_arm_cmpdf2.o)
                              src/main.o (__aeabi_dcmpeq)
c:/ac6/systemworkbench/plugins/fr.ac6.mcu.externaltools.arm-none.win32_1.13.2.201703061525/tools/compiler/bin/../lib/gcc/arm-none-eabi/5.4.1/armv7-m\libgcc.a(_arm_fixdfsi.o)
                              src/main.o (__aeabi_d2iz)
c:/ac6/systemworkbench/plugins/fr.ac6.mcu.externaltools.arm-none.win32_1.13.2.201703061525/tools/compiler/bin/../lib/gcc/arm-none-eabi/5.4.1/armv7-m\libgcc.a(_arm_fixunsdfsi.o)
                              src/main.o (__aeabi_d2uiz)
c:/ac6/systemworkbench/plugins/fr.ac6.mcu.externaltools.arm-none.win32_1.13.2.201703061525/tools/compiler/bin/../lib/gcc/arm-none-eabi/5.4.1/../../../../arm-none-eabi/lib/armv7-m\libc.a(lib_a-errno.o)
                              src/syscalls.o (__errno)
c:/ac6/systemworkbench/plugins/fr.ac6.mcu.externaltools.arm-none.win32_1.13.2.201703061525/tools/compiler/bin/../lib/gcc/arm-none-eabi/5.4.1/../../../../arm-none-eabi/lib/armv7-m\libc.a(lib_a-exit.o)
                              c:/ac6/systemworkbench/plugins/fr.ac6.mcu.externaltools.arm-none.win32_1.13.2.201703061525/tools/compiler/bin/../lib/gcc/arm-none-eabi/5.4.1/../../../../arm-none-eabi/lib/armv7-m/crt0.o (exit)
c:/ac6/systemworkbench/plugins/fr.ac6.mcu.externaltools.arm-none.win32_1.13.2.201703061525/tools/compiler/bin/../lib/gcc/arm-none-eabi/5.4.1/../../../../arm-none-eabi/lib/armv7-m\libc.a(lib_a-impure.o)
                              c:/ac6/systemworkbench/plugins/fr.ac6.mcu.externaltools.arm-none.win32_1.13.2.201703061525/tools/compiler/bin/../lib/gcc/arm-none-eabi/5.4.1/../../../../arm-none-eabi/lib/armv7-m\libc.a(lib_a-exit.o) (_global_impure_ptr)
c:/ac6/systemworkbench/plugins/fr.ac6.mcu.externaltools.arm-none.win32_1.13.2.201703061525/tools/compiler/bin/../lib/gcc/arm-none-eabi/5.4.1/../../../../arm-none-eabi/lib/armv7-m\libc.a(lib_a-init.o)
                              c:/ac6/systemworkbench/plugins/fr.ac6.mcu.externaltools.arm-none.win32_1.13.2.201703061525/tools/compiler/bin/../lib/gcc/arm-none-eabi/5.4.1/../../../../arm-none-eabi/lib/armv7-m/crt0.o (__libc_init_array)
c:/ac6/systemworkbench/plugins/fr.ac6.mcu.externaltools.arm-none.win32_1.13.2.201703061525/tools/compiler/bin/../lib/gcc/arm-none-eabi/5.4.1/../../../../arm-none-eabi/lib/armv7-m\libc.a(lib_a-memset.o)
                              c:/ac6/systemworkbench/plugins/fr.ac6.mcu.externaltools.arm-none.win32_1.13.2.201703061525/tools/compiler/bin/../lib/gcc/arm-none-eabi/5.4.1/../../../../arm-none-eabi/lib/armv7-m/crt0.o (memset)
c:/ac6/systemworkbench/plugins/fr.ac6.mcu.externaltools.arm-none.win32_1.13.2.201703061525/tools/compiler/bin/../lib/gcc/arm-none-eabi/5.4.1/../../../../arm-none-eabi/lib/armv7-m\libc.a(lib_a-__call_atexit.o)
                              c:/ac6/systemworkbench/plugins/fr.ac6.mcu.externaltools.arm-none.win32_1.13.2.201703061525/tools/compiler/bin/../lib/gcc/arm-none-eabi/5.4.1/../../../../arm-none-eabi/lib/armv7-m\libc.a(lib_a-exit.o) (__call_exitprocs)
c:/ac6/systemworkbench/plugins/fr.ac6.mcu.externaltools.arm-none.win32_1.13.2.201703061525/tools/compiler/bin/../lib/gcc/arm-none-eabi/5.4.1/../../../../arm-none-eabi/lib/armv7-m\libc.a(lib_a-atexit.o)
                              c:/ac6/systemworkbench/plugins/fr.ac6.mcu.externaltools.arm-none.win32_1.13.2.201703061525/tools/compiler/bin/../lib/gcc/arm-none-eabi/5.4.1/../../../../arm-none-eabi/lib/armv7-m\libc.a(lib_a-__call_atexit.o) (atexit)
c:/ac6/systemworkbench/plugins/fr.ac6.mcu.externaltools.arm-none.win32_1.13.2.201703061525/tools/compiler/bin/../lib/gcc/arm-none-eabi/5.4.1/../../../../arm-none-eabi/lib/armv7-m\libc.a(lib_a-fini.o)
                              c:/ac6/systemworkbench/plugins/fr.ac6.mcu.externaltools.arm-none.win32_1.13.2.201703061525/tools/compiler/bin/../lib/gcc/arm-none-eabi/5.4.1/../../../../arm-none-eabi/lib/armv7-m\libc.a(lib_a-__call_atexit.o) (__libc_fini_array)
c:/ac6/systemworkbench/plugins/fr.ac6.mcu.externaltools.arm-none.win32_1.13.2.201703061525/tools/compiler/bin/../lib/gcc/arm-none-eabi/5.4.1/../../../../arm-none-eabi/lib/armv7-m\libc.a(lib_a-__atexit.o)
[...]
Memory Configuration

Name             Origin             Length             Attributes
RAM              0x20000000         0x00005000         xrw
ROM              0x08000000         0x00010000         xr
*default*        0x00000000         0xffffffff

Linker script and memory map

LOAD c:/ac6/systemworkbench/plugins/fr.ac6.mcu.externaltools.arm-none.win32_1.13.2.201703061525/tools/compiler/bin/../lib/gcc/arm-none-eabi/5.4.1/armv7-m/crti.o
LOAD c:/ac6/systemworkbench/plugins/fr.ac6.mcu.externaltools.arm-none.win32_1.13.2.201703061525/tools/compiler/bin/../lib/gcc/arm-none-eabi/5.4.1/armv7-m/crtbegin.o
LOAD c:/ac6/systemworkbench/plugins/fr.ac6.mcu.externaltools.arm-none.win32_1.13.2.201703061525/tools/compiler/bin/../lib/gcc/arm-none-eabi/5.4.1/../../../../arm-none-eabi/lib/armv7-m/crt0.o
LOAD c:/ac6/systemworkbench/plugins/fr.ac6.mcu.externaltools.arm-none.win32_1.13.2.201703061525/tools/compiler/bin/../lib/gcc/arm-none-eabi/5.4.1/../../../../arm-none-eabi/lib/armv7-m\libm.a
LOAD CMSIS/core/core_cm3.o
LOAD StdPeriph_Driver/src/misc.o
LOAD StdPeriph_Driver/src/stm32f10x_adc.o
LOAD StdPeriph_Driver/src/stm32f10x_bkp.o
LOAD StdPeriph_Driver/src/stm32f10x_can.o
LOAD StdPeriph_Driver/src/stm32f10x_cec.o
LOAD StdPeriph_Driver/src/stm32f10x_crc.o
LOAD StdPeriph_Driver/src/stm32f10x_dac.o
LOAD StdPeriph_Driver/src/stm32f10x_dbgmcu.o
LOAD StdPeriph_Driver/src/stm32f10x_dma.o
LOAD StdPeriph_Driver/src/stm32f10x_exti.o
LOAD StdPeriph_Driver/src/stm32f10x_flash.o
LOAD StdPeriph_Driver/src/stm32f10x_fsmc.o
LOAD StdPeriph_Driver/src/stm32f10x_gpio.o
LOAD StdPeriph_Driver/src/stm32f10x_i2c.o
LOAD StdPeriph_Driver/src/stm32f10x_iwdg.o
LOAD StdPeriph_Driver/src/stm32f10x_pwr.o
LOAD StdPeriph_Driver/src/stm32f10x_rcc.o
LOAD StdPeriph_Driver/src/stm32f10x_rtc.o
LOAD StdPeriph_Driver/src/stm32f10x_sdio.o
LOAD StdPeriph_Driver/src/stm32f10x_spi.o
LOAD StdPeriph_Driver/src/stm32f10x_tim.o
LOAD StdPeriph_Driver/src/stm32f10x_usart.o
LOAD StdPeriph_Driver/src/stm32f10x_wwdg.o
LOAD src/main.o
LOAD src/syscalls.o
LOAD src/system_stm32f10x.o
LOAD startup/startup_stm32.o
START GROUP
LOAD c:/ac6/systemworkbench/plugins/fr.ac6.mcu.externaltools.arm-none.win32_1.13.2.201703061525/tools/compiler/bin/../lib/gcc/arm-none-eabi/5.4.1/armv7-m\libgcc.a
LOAD c:/ac6/systemworkbench/plugins/fr.ac6.mcu.externaltools.arm-none.win32_1.13.2.201703061525/tools/compiler/bin/../lib/gcc/arm-none-eabi/5.4.1/../../../../arm-none-eabi/lib/armv7-m\libc.a
END GROUP
LOAD c:/ac6/systemworkbench/plugins/fr.ac6.mcu.externaltools.arm-none.win32_1.13.2.201703061525/tools/compiler/bin/../lib/gcc/arm-none-eabi/5.4.1/armv7-m/crtend.o
LOAD c:/ac6/systemworkbench/plugins/fr.ac6.mcu.externaltools.arm-none.win32_1.13.2.201703061525/tools/compiler/bin/../lib/gcc/arm-none-eabi/5.4.1/armv7-m/crtn.o
                0x20005000                _estack = 0x20005000
                0x00000000                _Min_Heap_Size = 0x0
                0x00000400                _Min_Stack_Size = 0x400

.isr_vector     0x08000000      0x10c
                0x08000000                . = ALIGN (0x4)
 *(.isr_vector)
 .isr_vector    0x08000000      0x10c startup/startup_stm32.o
                0x08000000                g_pfnVectors
                0x0800010c                . = ALIGN (0x4)

.text           0x08000110     0x4338
                0x08000110                . = ALIGN (0x4)
 *(.text)
 .text          0x08000110       0x5c c:/ac6/systemworkbench/plugins/fr.ac6.mcu.externaltools.arm-none.win32_1.13.2.201703061525/tools/compiler/bin/../lib/gcc/arm-none-eabi/5.4.1/armv7-m/crtbegin.o
 .text          0x0800016c      0x370 c:/ac6/systemworkbench/plugins/fr.ac6.mcu.externaltools.arm-none.win32_1.13.2.201703061525/tools/compiler/bin/../lib/gcc/arm-none-eabi/5.4.1/armv7-m\libgcc.a(_arm_addsubdf3.o)
                0x0800016c                __aeabi_drsub
                0x08000174                __aeabi_dsub
                0x08000174                __subdf3
                0x08000178                __aeabi_dadd
                0x08000178                __adddf3
                0x080003f0                __floatunsidf
                0x080003f0                __aeabi_ui2d
                0x08000410                __floatsidf
                0x08000410                __aeabi_i2d
                0x08000434                __aeabi_f2d
                0x08000434                __extendsfdf2
                0x08000470                __floatundidf
                0x08000470                __aeabi_ul2d
                0x08000480                __floatdidf
                0x08000480                __aeabi_l2d
 .text          0x080004dc      0x424 c:/ac6/systemworkbench/plugins/fr.ac6.mcu.externaltools.arm-none.win32_1.13.2.201703061525/tools/compiler/bin/../lib/gcc/arm-none-eabi/5.4.1/armv7-m\libgcc.a(_arm_muldivdf3.o)
                0x080004dc                __aeabi_dmul
                0x080004dc                __muldf3
                0x08000730                __divdf3
                0x08000730                __aeabi_ddiv
 .text          0x08000900      0x110 c:/ac6/systemworkbench/plugins/fr.ac6.mcu.externaltools.arm-none.win32_1.13.2.201703061525/tools/compiler/bin/../lib/gcc/arm-none-eabi/5.4.1/armv7-m\libgcc.a(_arm_cmpdf2.o)
                0x08000900                __gtdf2
                0x08000900                __gedf2
                0x08000908                __ltdf2
                0x08000908                __ledf2
                0x08000910                __nedf2
                0x08000910                __eqdf2
                0x08000910                __cmpdf2
                0x0800098c                __aeabi_cdrcmple
                0x0800099c                __aeabi_cdcmpeq
                0x0800099c                __aeabi_cdcmple
                0x080009ac                __aeabi_dcmpeq
                0x080009c0                __aeabi_dcmplt
                0x080009d4                __aeabi_dcmple
                0x080009e8                __aeabi_dcmpge
                0x080009fc                __aeabi_dcmpgt
 .text          0x08000a10       0x50 c:/ac6/systemworkbench/plugins/fr.ac6.mcu.externaltools.arm-none.win32_1.13.2.201703061525/tools/compiler/bin/../lib/gcc/arm-none-eabi/5.4.1/armv7-m\libgcc.a(_arm_fixdfsi.o)
                0x08000a10                __aeabi_d2iz
                0x08000a10                __fixdfsi
 .text          0x08000a60       0x40 c:/ac6/systemworkbench/plugins/fr.ac6.mcu.externaltools.arm-none.win32_1.13.2.201703061525/tools/compiler/bin/../lib/gcc/arm-none-eabi/5.4.1/armv7-m\libgcc.a(_arm_fixunsdfsi.o)
                0x08000a60                __aeabi_d2uiz
                0x08000a60                __fixunsdfsi
 *(.text*)
 .text.NVIC_Init
                0x08000aa0       0xc4 StdPeriph_Driver/src/misc.o
                0x08000aa0                NVIC_Init
 .text.ADC_Init
                0x08000b64       0xa4 StdPeriph_Driver/src/stm32f10x_adc.o
                0x08000b64                ADC_Init
 .text.ADC_StructInit
                0x08000c08       0x38 StdPeriph_Driver/src/stm32f10x_adc.o
                0x08000c08                ADC_StructInit
 .text.ADC_Cmd  0x08000c40       0x38 StdPeriph_Driver/src/stm32f10x_adc.o
                0x08000c40                ADC_Cmd
 .text.ADC_ResetCalibration
                0x08000c78       0x20 StdPeriph_Driver/src/stm32f10x_adc.o
                0x08000c78                ADC_ResetCalibration
 .text.ADC_GetResetCalibrationStatus
                0x08000c98       0x30 StdPeriph_Driver/src/stm32f10x_adc.o
                0x08000c98                ADC_GetResetCalibrationStatus
 .text.ADC_StartCalibration
                0x08000cc8       0x20 StdPeriph_Driver/src/stm32f10x_adc.o
                0x08000cc8                ADC_StartCalibration
 .text.ADC_GetCalibrationStatus
                0x08000ce8       0x30 StdPeriph_Driver/src/stm32f10x_adc.o
                0x08000ce8                ADC_GetCalibrationStatus
 .text.ADC_RegularChannelConfig
                0x08000d18      0x194 StdPeriph_Driver/src/stm32f10x_adc.o
                0x08000d18                ADC_RegularChannelConfig
 .text.EXTI_Init
                0x08000eac       0xe4 StdPeriph_Driver/src/stm32f10x_exti.o
                0x08000eac                EXTI_Init
 .text.EXTI_StructInit
                0x08000f90       0x2c StdPeriph_Driver/src/stm32f10x_exti.o
                0x08000f90                EXTI_StructInit
 .text.EXTI_GetITStatus
                0x08000fbc       0x48 StdPeriph_Driver/src/stm32f10x_exti.o
                0x08000fbc                EXTI_GetITStatus
 .text.EXTI_ClearITPendingBit
                0x08001004       0x1c StdPeriph_Driver/src/stm32f10x_exti.o
                0x08001004                EXTI_ClearITPendingBit
 .text.GPIO_Init
                0x08001020      0x178 StdPeriph_Driver/src/stm32f10x_gpio.o
                0x08001020                GPIO_Init
 .text.GPIO_StructInit
                0x08001198       0x28 StdPeriph_Driver/src/stm32f10x_gpio.o
                0x08001198                GPIO_StructInit
 .text.GPIO_ReadInputDataBit
                0x080011c0       0x34 StdPeriph_Driver/src/stm32f10x_gpio.o
                0x080011c0                GPIO_ReadInputDataBit
 .text.GPIO_SetBits
                0x080011f4       0x1c StdPeriph_Driver/src/stm32f10x_gpio.o
                0x080011f4                GPIO_SetBits
 .text.GPIO_ResetBits
                0x08001210       0x1c StdPeriph_Driver/src/stm32f10x_gpio.o
                0x08001210                GPIO_ResetBits
 .text.GPIO_EXTILineConfig
                0x0800122c       0x84 StdPeriph_Driver/src/stm32f10x_gpio.o
                0x0800122c                GPIO_EXTILineConfig
 .text.RCC_ADCCLKConfig
                0x080012b0       0x38 StdPeriph_Driver/src/stm32f10x_rcc.o
                0x080012b0                RCC_ADCCLKConfig
 .text.RCC_APB2PeriphClockCmd
                0x080012e8       0x3c StdPeriph_Driver/src/stm32f10x_rcc.o
                0x080012e8                RCC_APB2PeriphClockCmd
 .text.RCC_APB1PeriphClockCmd
                0x08001324       0x3c StdPeriph_Driver/src/stm32f10x_rcc.o
                0x08001324                RCC_APB1PeriphClockCmd
 .text.TIM_TimeBaseInit
                0x08001360       0xf8 StdPeriph_Driver/src/stm32f10x_tim.o
                0x08001360                TIM_TimeBaseInit
 .text.TIM_OC2Init
                0x08001458      0x110 StdPeriph_Driver/src/stm32f10x_tim.o
                0x08001458                TIM_OC2Init
 .text.TIM_OC4Init
                0x08001568       0xd0 StdPeriph_Driver/src/stm32f10x_tim.o
                0x08001568                TIM_OC4Init
 .text.TIM_ICInit
                0x08001638       0xa8 StdPeriph_Driver/src/stm32f10x_tim.o
                0x08001638                TIM_ICInit
 .text.TIM_TimeBaseStructInit
                0x080016e0       0x34 StdPeriph_Driver/src/stm32f10x_tim.o
                0x080016e0                TIM_TimeBaseStructInit
 .text.TIM_OCStructInit
                0x08001714       0x44 StdPeriph_Driver/src/stm32f10x_tim.o
                0x08001714                TIM_OCStructInit
 .text.TIM_ICStructInit
                0x08001758       0x30 StdPeriph_Driver/src/stm32f10x_tim.o
                0x08001758                TIM_ICStructInit
 .text.TIM_Cmd  0x08001788       0x40 StdPeriph_Driver/src/stm32f10x_tim.o
                0x08001788                TIM_Cmd
 .text.TIM_ITConfig
                0x080017c8       0x48 StdPeriph_Driver/src/stm32f10x_tim.o
                0x080017c8                TIM_ITConfig
 .text.TIM_EncoderInterfaceConfig
                0x08001810       0x98 StdPeriph_Driver/src/stm32f10x_tim.o
                0x08001810                TIM_EncoderInterfaceConfig
 .text.TIM_SetCounter
                0x080018a8       0x1c StdPeriph_Driver/src/stm32f10x_tim.o
                0x080018a8                TIM_SetCounter
 .text.TIM_SetCompare2
                0x080018c4       0x1c StdPeriph_Driver/src/stm32f10x_tim.o
                0x080018c4                TIM_SetCompare2
 .text.TIM_SetCompare4
                0x080018e0       0x20 StdPeriph_Driver/src/stm32f10x_tim.o
                0x080018e0                TIM_SetCompare4
 .text.TIM_SetIC1Prescaler
                0x08001900       0x38 StdPeriph_Driver/src/stm32f10x_tim.o
                0x08001900                TIM_SetIC1Prescaler
 .text.TIM_SetIC2Prescaler
                0x08001938       0x3c StdPeriph_Driver/src/stm32f10x_tim.o
                0x08001938                TIM_SetIC2Prescaler
 .text.TIM_SetIC3Prescaler
                0x08001974       0x38 StdPeriph_Driver/src/stm32f10x_tim.o
                0x08001974                TIM_SetIC3Prescaler
 .text.TIM_SetIC4Prescaler
                0x080019ac       0x3c StdPeriph_Driver/src/stm32f10x_tim.o
                0x080019ac                TIM_SetIC4Prescaler
 .text.TIM_GetCounter
                0x080019e8       0x18 StdPeriph_Driver/src/stm32f10x_tim.o
                0x080019e8                TIM_GetCounter
 .text.TIM_GetITStatus
                0x08001a00       0x54 StdPeriph_Driver/src/stm32f10x_tim.o
                0x08001a00                TIM_GetITStatus
 .text.TIM_ClearITPendingBit
                0x08001a54       0x20 StdPeriph_Driver/src/stm32f10x_tim.o
                0x08001a54                TIM_ClearITPendingBit
 .text.TI1_Config
                0x08001a74       0xe0 StdPeriph_Driver/src/stm32f10x_tim.o
 .text.TI2_Config
                0x08001b54       0xf4 StdPeriph_Driver/src/stm32f10x_tim.o
 .text.TI3_Config
                0x08001c48       0xec StdPeriph_Driver/src/stm32f10x_tim.o
 .text.TI4_Config
                0x08001d34       0xf8 StdPeriph_Driver/src/stm32f10x_tim.o
 .text.NVIC_SetPriority
                0x08001e2c       0x54 src/main.o
 .text.SysTick_Config
                0x08001e80       0x44 src/main.o
 .text.controllerInit
                0x08001ec4       0xbc src/main.o
                0x08001ec4                controllerInit
 .text.stackPeek
                0x08001f80       0x30 src/main.o
                0x08001f80                stackPeek
 .text.stackPush
                0x08001fb0       0x3c src/main.o
                0x08001fb0                stackPush
 .text.stackPop
                0x08001fec       0x28 src/main.o
                0x08001fec                stackPop
 .text.initPola
                0x08002014      0x1d4 src/main.o
                0x08002014                initPola
 .text.sprawdzSciany
                0x080021e8      0x2a0 src/main.o
                0x080021e8                sprawdzSciany
 .text.checkPole
                0x08002488      0x244 src/main.o
                0x08002488                checkPole
 .text.findPath
                0x080026cc      0xa08 src/main.o
                0x080026cc                findPath
 *fill*         0x080030d4        0x4 
 .text.go       0x080030d8      0x154 src/main.o
                0x080030d8                go
 .text.pwmInit  0x0800322c      0x114 src/main.o
                0x0800322c                pwmInit
 .text.encoderInit
                0x08003340      0x140 src/main.o
                0x08003340                encoderInit
 .text.czujnikiInit
                0x08003480       0x84 src/main.o
                0x08003480                czujnikiInit
 .text.extintInit
                0x08003504       0x7c src/main.o
                0x08003504                extintInit
 .text.ledInit  0x08003580       0x4c src/main.o
                0x08003580                ledInit
 .text.adc1Init
                0x080035cc       0x88 src/main.o
                0x080035cc                adc1Init
 .text.timerInit
                0x08003654       0x70 src/main.o
                0x08003654                timerInit
 .text.EXTI15_10_IRQHandler
                0x080036c4       0x58 src/main.o
                0x080036c4                EXTI15_10_IRQHandler
 .text.TIM2_IRQHandler
                0x0800371c       0x40 src/main.o
                0x0800371c                TIM2_IRQHandler
 .text.SysTick_Handler
                0x0800375c       0x24 src/main.o
                0x0800375c                SysTick_Handler
 .text.delay_ms
                0x08003780       0x28 src/main.o
                0x08003780                delay_ms
 .text.adc_calib
                0x080037a8       0x34 src/main.o
                0x080037a8                adc_calib
 *fill*         0x080037dc        0x4 
 .text.main     0x080037e0      0x8c8 src/main.o
                0x080037e0                main
 .text.SystemInit
                0x080040a8       0x68 src/system_stm32f10x.o
                0x080040a8                SystemInit
 .text.SetSysClock
                0x08004110        0xc src/system_stm32f10x.o
 .text.SetSysClockTo72
                0x0800411c      0x100 src/system_stm32f10x.o
 .text.Reset_Handler
                0x0800421c       0x48 startup/startup_stm32.o
                0x0800421c                Reset_Handler
 .text.Default_Handler
                0x08004264        0x2 startup/startup_stm32.o
                0x08004264                EXTI2_IRQHandler
                0x08004264                DebugMon_Handler
                0x08004264                TIM1_CC_IRQHandler
                0x08004264                HardFault_Handler
                0x08004264                PVD_IRQHandler
                0x08004264                PendSV_Handler
                0x08004264                NMI_Handler
                0x08004264                EXTI3_IRQHandler
                0x08004264                EXTI0_IRQHandler
                0x08004264                I2C2_EV_IRQHandler
                0x08004264                UsageFault_Handler
                0x08004264                ADC1_2_IRQHandler
                0x08004264                SPI1_IRQHandler
                0x08004264                TAMPER_IRQHandler
                0x08004264                DMA1_Channel4_IRQHandler
                0x08004264                USART3_IRQHandler
                0x08004264                RTC_IRQHandler
                0x08004264                DMA1_Channel7_IRQHandler
                0x08004264                CAN1_RX1_IRQHandler
                0x08004264                TIM4_IRQHandler
                0x08004264                I2C1_EV_IRQHandler
                0x08004264                DMA1_Channel6_IRQHandler
                0x08004264                TIM3_IRQHandler
                0x08004264                RCC_IRQHandler
                0x08004264                TIM1_TRG_COM_IRQHandler
                0x08004264                DMA1_Channel1_IRQHandler
                0x08004264                Default_Handler
                0x08004264                EXTI9_5_IRQHandler
                0x08004264                SPI2_IRQHandler
                0x08004264                MemManage_Handler
                0x08004264                SVC_Handler
                0x08004264                DMA1_Channel5_IRQHandler
                0x08004264                EXTI4_IRQHandler
                0x08004264                USB_LP_CAN1_RX0_IRQHandler
                0x08004264                USB_HP_CAN1_TX_IRQHandler
                0x08004264                DMA1_Channel3_IRQHandler
                0x08004264                TIM1_UP_IRQHandler
                0x08004264                WWDG_IRQHandler
                0x08004264                TIM1_BRK_IRQHandler
                0x08004264                EXTI1_IRQHandler
                0x08004264                RTCAlarm_IRQHandler
                0x08004264                USART2_IRQHandler
                0x08004264                I2C2_ER_IRQHandler
                0x08004264                DMA1_Channel2_IRQHandler
                0x08004264                CAN1_SCE_IRQHandler
                0x08004264                FLASH_IRQHandler
                0x08004264                BusFault_Handler
                0x08004264                USART1_IRQHandler
                0x08004264                I2C1_ER_IRQHandler
                0x08004264                USBWakeUp_IRQHandler
 *fill*         0x08004266        0x2 
 .text.__libc_init_array
                0x08004268       0x50 c:/ac6/systemworkbench/plugins/fr.ac6.mcu.externaltools.arm-none.win32_1.13.2.201703061525/tools/compiler/bin/../lib/gcc/arm-none-eabi/5.4.1/../../../../arm-none-eabi/lib/armv7-m\libc.a(lib_a-init.o)
                0x08004268                __libc_init_array
 .text.startup.register_fini
                0x080042b8       0x14 c:/ac6/systemworkbench/plugins/fr.ac6.mcu.externaltools.arm-none.win32_1.13.2.201703061525/tools/compiler/bin/../lib/gcc/arm-none-eabi/5.4.1/../../../../arm-none-eabi/lib/armv7-m\libc.a(lib_a-__call_atexit.o)
 .text.atexit   0x080042cc        0xc c:/ac6/systemworkbench/plugins/fr.ac6.mcu.externaltools.arm-none.win32_1.13.2.201703061525/tools/compiler/bin/../lib/gcc/arm-none-eabi/5.4.1/../../../../arm-none-eabi/lib/armv7-m\libc.a(lib_a-atexit.o)
                0x080042cc                atexit
 .text.__libc_fini_array
                0x080042d8       0x28 c:/ac6/systemworkbench/plugins/fr.ac6.mcu.externaltools.arm-none.win32_1.13.2.201703061525/tools/compiler/bin/../lib/gcc/arm-none-eabi/5.4.1/../../../../arm-none-eabi/lib/armv7-m\libc.a(lib_a-fini.o)
                0x080042d8                __libc_fini_array
 .text.__register_exitproc
                0x08004300       0xa4 c:/ac6/systemworkbench/plugins/fr.ac6.mcu.externaltools.arm-none.win32_1.13.2.201703061525/tools/compiler/bin/../lib/gcc/arm-none-eabi/5.4.1/../../../../arm-none-eabi/lib/armv7-m\libc.a(lib_a-__atexit.o)
                0x08004300                __register_exitproc
 .text.fmin     0x080043a4       0x38 c:/ac6/systemworkbench/plugins/fr.ac6.mcu.externaltools.arm-none.win32_1.13.2.201703061525/tools/compiler/bin/../lib/gcc/arm-none-eabi/5.4.1/../../../../arm-none-eabi/lib/armv7-m\libm.a(lib_a-s_fmin.o)
                0x080043a4                fmin
 .text.__fpclassifyd
                0x080043dc       0x54 c:/ac6/systemworkbench/plugins/fr.ac6.mcu.externaltools.arm-none.win32_1.13.2.201703061525/tools/compiler/bin/../lib/gcc/arm-none-eabi/5.4.1/../../../../arm-none-eabi/lib/armv7-m\libm.a(lib_a-s_fpclassify.o)
                0x080043dc                __fpclassifyd
 *(.glue_7)
 .glue_7        0x08004430        0x0 linker stubs
 *(.glue_7t)
 .glue_7t       0x08004430        0x0 linker stubs
 *(.eh_frame)
 .eh_frame      0x08004430        0x0 c:/ac6/systemworkbench/plugins/fr.ac6.mcu.externaltools.arm-none.win32_1.13.2.201703061525/tools/compiler/bin/../lib/gcc/arm-none-eabi/5.4.1/armv7-m/crtbegin.o
 *(.init)
 .init          0x08004430        0x4 c:/ac6/systemworkbench/plugins/fr.ac6.mcu.externaltools.arm-none.win32_1.13.2.201703061525/tools/compiler/bin/../lib/gcc/arm-none-eabi/5.4.1/armv7-m/crti.o
                0x08004430                _init
 .init          0x08004434        0x8 c:/ac6/systemworkbench/plugins/fr.ac6.mcu.externaltools.arm-none.win32_1.13.2.201703061525/tools/compiler/bin/../lib/gcc/arm-none-eabi/5.4.1/armv7-m/crtn.o
 *(.fini)
 .fini          0x0800443c        0x4 c:/ac6/systemworkbench/plugins/fr.ac6.mcu.externaltools.arm-none.win32_1.13.2.201703061525/tools/compiler/bin/../lib/gcc/arm-none-eabi/5.4.1/armv7-m/crti.o
                0x0800443c                _fini
 .fini          0x08004440        0x8 c:/ac6/systemworkbench/plugins/fr.ac6.mcu.externaltools.arm-none.win32_1.13.2.201703061525/tools/compiler/bin/../lib/gcc/arm-none-eabi/5.4.1/armv7-m/crtn.o
                0x08004448                . = ALIGN (0x4)
                0x08004448                _etext = .

.vfp11_veneer   0x08004448        0x0
 .vfp11_veneer  0x08004448        0x0 linker stubs

.v4_bx          0x08004448        0x0
 .v4_bx         0x08004448        0x0 linker stubs

.iplt           0x08004448        0x0
 .iplt          0x08004448        0x0 c:/ac6/systemworkbench/plugins/fr.ac6.mcu.externaltools.arm-none.win32_1.13.2.201703061525/tools/compiler/bin/../lib/gcc/arm-none-eabi/5.4.1/armv7-m/crtbegin.o

.rodata         0x08004448        0x4
                0x08004448                . = ALIGN (0x4)
 *(.rodata)
 *(.rodata*)
 .rodata._global_impure_ptr
                0x08004448        0x4 c:/ac6/systemworkbench/plugins/fr.ac6.mcu.externaltools.arm-none.win32_1.13.2.201703061525/tools/compiler/bin/../lib/gcc/arm-none-eabi/5.4.1/../../../../arm-none-eabi/lib/armv7-m\libc.a(lib_a-impure.o)
                0x08004448                _global_impure_ptr
                0x0800444c                . = ALIGN (0x4)

.rel.dyn        0x0800444c        0x0
 .rel.iplt      0x0800444c        0x0 c:/ac6/systemworkbench/plugins/fr.ac6.mcu.externaltools.arm-none.win32_1.13.2.201703061525/tools/compiler/bin/../lib/gcc/arm-none-eabi/5.4.1/armv7-m/crtbegin.o

.ARM.extab      0x0800444c        0x0
                0x0800444c                . = ALIGN (0x4)
 *(.ARM.extab* .gnu.linkonce.armextab.*)
                0x0800444c                . = ALIGN (0x4)

.ARM            0x0800444c        0x0
                0x0800444c                . = ALIGN (0x4)
                0x0800444c                __exidx_start = .
 *(.ARM.exidx*)
                0x0800444c                __exidx_end = .
                0x0800444c                . = ALIGN (0x4)

.preinit_array  0x0800444c        0x0
                0x0800444c                . = ALIGN (0x4)
                0x0800444c                PROVIDE (__preinit_array_start, .)
 *(.preinit_array*)
                0x0800444c                PROVIDE (__preinit_array_end, .)
                0x0800444c                . = ALIGN (0x4)

.init_array     0x0800444c        0x8
                0x0800444c                . = ALIGN (0x4)
                0x0800444c                PROVIDE (__init_array_start, .)
 *(SORT(.init_array.*))
 .init_array.00000
                0x0800444c        0x4 c:/ac6/systemworkbench/plugins/fr.ac6.mcu.externaltools.arm-none.win32_1.13.2.201703061525/tools/compiler/bin/../lib/gcc/arm-none-eabi/5.4.1/../../../../arm-none-eabi/lib/armv7-m\libc.a(lib_a-__call_atexit.o)
 *(.init_array*)
 .init_array    0x08004450        0x4 c:/ac6/systemworkbench/plugins/fr.ac6.mcu.externaltools.arm-none.win32_1.13.2.201703061525/tools/compiler/bin/../lib/gcc/arm-none-eabi/5.4.1/armv7-m/crtbegin.o
                0x08004454                PROVIDE (__init_array_end, .)
                0x08004454                . = ALIGN (0x4)

.fini_array     0x08004454        0x4
                0x08004454                . = ALIGN (0x4)
                0x08004454                PROVIDE (__fini_array_start, .)
 *(SORT(.fini_array.*))
 *(.fini_array*)
 .fini_array    0x08004454        0x4 c:/ac6/systemworkbench/plugins/fr.ac6.mcu.externaltools.arm-none.win32_1.13.2.201703061525/tools/compiler/bin/../lib/gcc/arm-none-eabi/5.4.1/armv7-m/crtbegin.o
                0x08004458                PROVIDE (__fini_array_end, .)
                0x08004458                . = ALIGN (0x4)
                0x08004458                _sidata = LOADADDR (.data)

.data           0x20000000      0x468 load address 0x08004458
                0x20000000                . = ALIGN (0x4)
                0x20000000                _sdata = .
 *(.data)
 .data          0x20000000       0x28 src/main.o
                0x20000000                previousKierunek
                0x20000008                K
                0x20000010                Td
                0x20000018                Ti
                0x20000020                offset
 .data          0x20000028       0x14 src/system_stm32f10x.o
                0x20000028                SystemCoreClock
                0x2000002c                AHBPrescTable
 *(.data*)
 *fill*         0x2000003c        0x4 
 .data.impure_data
                0x20000040      0x428 c:/ac6/systemworkbench/plugins/fr.ac6.mcu.externaltools.arm-none.win32_1.13.2.201703061525/tools/compiler/bin/../lib/gcc/arm-none-eabi/5.4.1/../../../../arm-none-eabi/lib/armv7-m\libc.a(lib_a-impure.o)
                0x20000468                . = ALIGN (0x4)
                0x20000468                _edata = .

.jcr            0x20000468        0x0 load address 0x080048c0
 .jcr           0x20000468        0x0 c:/ac6/systemworkbench/plugins/fr.ac6.mcu.externaltools.arm-none.win32_1.13.2.201703061525/tools/compiler/bin/../lib/gcc/arm-none-eabi/5.4.1/armv7-m/crtbegin.o

.igot.plt       0x20000468        0x0 load address 0x080048c0
 .igot.plt      0x20000468        0x0 c:/ac6/systemworkbench/plugins/fr.ac6.mcu.externaltools.arm-none.win32_1.13.2.201703061525/tools/compiler/bin/../lib/gcc/arm-none-eabi/5.4.1/armv7-m/crtbegin.o
                0x20000468                . = ALIGN (0x4)

.bss            0x20000468      0x388 load address 0x080048c0
                0x20000468                _sbss = .
                0x20000468                __bss_start__ = _sbss
 *(.bss)
 .bss           0x20000468       0x1c c:/ac6/systemworkbench/plugins/fr.ac6.mcu.externaltools.arm-none.win32_1.13.2.201703061525/tools/compiler/bin/../lib/gcc/arm-none-eabi/5.4.1/armv7-m/crtbegin.o
 .bss           0x20000484       0x10 src/main.o
                0x20000484                timer_ms
                0x20000488                swtime
                0x2000048c                swflag
                0x2000048d                przyciskFlag
                0x20000490                time
 *(.bss*)
 *(COMMON)
 *fill*         0x20000494        0x4 
 COMMON         0x20000498      0x358 src/main.o
                0x20000498                uchybSum1
                0x200004a0                obroty1
                0x200004a4                temp2
                0x200004a8                previousTemp2
                0x200004b0                offset1
                0x200004b8                uchyb1
                0x200004bc                obroty2
                0x200004c0                offset2
                0x200004c8                uchybPrev1
                0x200004cc                target2
                0x200004d0                temp1
                0x200004d8                uchybSum2
                0x200004e0                previousTemp1
                0x200004e4                uchyb2
                0x200004e8                uchybPrev2
                0x200004ec                pola
                0x200007ec                target1
                0x200007f0                . = ALIGN (0x4)
                0x200007f0                _ebss = .
                0x200007f0                __bss_end__ = _ebss

._user_heap_stack
                0x200007f0      0x400 load address 0x080048c0
                0x200007f0                . = ALIGN (0x8)
                0x200007f0                PROVIDE (end, .)
                [!provide]                PROVIDE (_end, .)
                0x200007f0                . = (. + _Min_Heap_Size)
                0x20000bf0                . = (. + _Min_Stack_Size)
 *fill*         0x200007f0      0x400 
                0x20000bf0                . = ALIGN (0x8)

/DISCARD/
 libc.a(*)
 libm.a(*)
 libgcc.a(*)

.ARM.attributes
                0x00000000       0x29
 *(.ARM.attributes)
 .ARM.attributes
                0x00000000       0x1d c:/ac6/systemworkbench/plugins/fr.ac6.mcu.externaltools.arm-none.win32_1.13.2.201703061525/tools/compiler/bin/../lib/gcc/arm-none-eabi/5.4.1/armv7-m/crti.o
 .ARM.attributes
                0x0000001d       0x2d c:/ac6/systemworkbench/plugins/fr.ac6.mcu.externaltools.arm-none.win32_1.13.2.201703061525/tools/compiler/bin/../lib/gcc/arm-none-eabi/5.4.1/armv7-m/crtbegin.o
 .ARM.attributes
                0x0000004a       0x33 StdPeriph_Driver/src/misc.o
 .ARM.attributes
                0x0000007d       0x33 StdPeriph_Driver/src/stm32f10x_adc.o
 .ARM.attributes
                0x000000b0       0x33 StdPeriph_Driver/src/stm32f10x_exti.o
 .ARM.attributes
                0x000000e3       0x33 StdPeriph_Driver/src/stm32f10x_gpio.o
 .ARM.attributes
                0x00000116       0x33 StdPeriph_Driver/src/stm32f10x_rcc.o
 .ARM.attributes
                0x00000149       0x33 StdPeriph_Driver/src/stm32f10x_tim.o
 .ARM.attributes
                0x0000017c       0x33 src/main.o
 .ARM.attributes
                0x000001af       0x33 src/system_stm32f10x.o
 .ARM.attributes
                0x000001e2       0x21 startup/startup_stm32.o
 .ARM.attributes
                0x00000203       0x1d c:/ac6/systemworkbench/plugins/fr.ac6.mcu.externaltools.arm-none.win32_1.13.2.201703061525/tools/compiler/bin/../lib/gcc/arm-none-eabi/5.4.1/armv7-m\libgcc.a(_arm_addsubdf3.o)
 .ARM.attributes
                0x00000220       0x1d c:/ac6/systemworkbench/plugins/fr.ac6.mcu.externaltools.arm-none.win32_1.13.2.201703061525/tools/compiler/bin/../lib/gcc/arm-none-eabi/5.4.1/armv7-m\libgcc.a(_arm_muldivdf3.o)
 .ARM.attributes
                0x0000023d       0x1d c:/ac6/systemworkbench/plugins/fr.ac6.mcu.externaltools.arm-none.win32_1.13.2.201703061525/tools/compiler/bin/../lib/gcc/arm-none-eabi/5.4.1/armv7-m\libgcc.a(_arm_cmpdf2.o)
 .ARM.attributes
                0x0000025a       0x1d c:/ac6/systemworkbench/plugins/fr.ac6.mcu.externaltools.arm-none.win32_1.13.2.201703061525/tools/compiler/bin/../lib/gcc/arm-none-eabi/5.4.1/armv7-m\libgcc.a(_arm_fixdfsi.o)
 .ARM.attributes
                0x00000277       0x1d c:/ac6/systemworkbench/plugins/fr.ac6.mcu.externaltools.arm-none.win32_1.13.2.201703061525/tools/compiler/bin/../lib/gcc/arm-none-eabi/5.4.1/armv7-m\libgcc.a(_arm_fixunsdfsi.o)
 .ARM.attributes
                0x00000294       0x2d c:/ac6/systemworkbench/plugins/fr.ac6.mcu.externaltools.arm-none.win32_1.13.2.201703061525/tools/compiler/bin/../lib/gcc/arm-none-eabi/5.4.1/../../../../arm-none-eabi/lib/armv7-m\libc.a(lib_a-impure.o)
 .ARM.attributes
                0x000002c1       0x2d c:/ac6/systemworkbench/plugins/fr.ac6.mcu.externaltools.arm-none.win32_1.13.2.201703061525/tools/compiler/bin/../lib/gcc/arm-none-eabi/5.4.1/../../../../arm-none-eabi/lib/armv7-m\libc.a(lib_a-init.o)
 .ARM.attributes
                0x000002ee       0x2d c:/ac6/systemworkbench/plugins/fr.ac6.mcu.externaltools.arm-none.win32_1.13.2.201703061525/tools/compiler/bin/../lib/gcc/arm-none-eabi/5.4.1/../../../../arm-none-eabi/lib/armv7-m\libc.a(lib_a-__call_atexit.o)
 .ARM.attributes
                0x0000031b       0x2d c:/ac6/systemworkbench/plugins/fr.ac6.mcu.externaltools.arm-none.win32_1.13.2.201703061525/tools/compiler/bin/../lib/gcc/arm-none-eabi/5.4.1/../../../../arm-none-eabi/lib/armv7-m\libc.a(lib_a-atexit.o)
 .ARM.attributes
                0x00000348       0x2d c:/ac6/systemworkbench/plugins/fr.ac6.mcu.externaltools.arm-none.win32_1.13.2.201703061525/tools/compiler/bin/../lib/gcc/arm-none-eabi/5.4.1/../../../../arm-none-eabi/lib/armv7-m\libc.a(lib_a-fini.o)
 .ARM.attributes
                0x00000375       0x2d c:/ac6/systemworkbench/plugins/fr.ac6.mcu.externaltools.arm-none.win32_1.13.2.201703061525/tools/compiler/bin/../lib/gcc/arm-none-eabi/5.4.1/../../../../arm-none-eabi/lib/armv7-m\libc.a(lib_a-__atexit.o)
 .ARM.attributes
                0x000003a2       0x1d c:/ac6/systemworkbench/plugins/fr.ac6.mcu.externaltools.arm-none.win32_1.13.2.201703061525/tools/compiler/bin/../lib/gcc/arm-none-eabi/5.4.1/armv7-m/crtn.o
OUTPUT(Micromouse.elf elf32-littlearm)

.debug_info     0x00000000     0x5812
 .debug_info    0x00000000      0x4fa StdPeriph_Driver/src/misc.o
 .debug_info    0x000004fa      0xb6e StdPeriph_Driver/src/stm32f10x_adc.o
 .debug_info    0x00001068      0x343 StdPeriph_Driver/src/stm32f10x_exti.o
 .debug_info    0x000013ab      0x6e8 StdPeriph_Driver/src/stm32f10x_gpio.o
 .debug_info    0x00001a93      0x895 StdPeriph_Driver/src/stm32f10x_rcc.o
 .debug_info    0x00002328     0x1c52 StdPeriph_Driver/src/stm32f10x_tim.o
 .debug_info    0x00003f7a     0x13e2 src/main.o
 .debug_info    0x0000535c      0x44f src/system_stm32f10x.o
 .debug_info    0x000057ab       0x67 startup/startup_stm32.o

.debug_abbrev   0x00000000      0xeeb
 .debug_abbrev  0x00000000      0x15b StdPeriph_Driver/src/misc.o
 .debug_abbrev  0x0000015b      0x19f StdPeriph_Driver/src/stm32f10x_adc.o
 .debug_abbrev  0x000002fa      0x15a StdPeriph_Driver/src/stm32f10x_exti.o
 .debug_abbrev  0x00000454      0x1d1 StdPeriph_Driver/src/stm32f10x_gpio.o
 .debug_abbrev  0x00000625      0x1c1 StdPeriph_Driver/src/stm32f10x_rcc.o
 .debug_abbrev  0x000007e6      0x1b7 StdPeriph_Driver/src/stm32f10x_tim.o
 .debug_abbrev  0x0000099d      0x3be src/main.o
 .debug_abbrev  0x00000d5b      0x17e src/system_stm32f10x.o
 .debug_abbrev  0x00000ed9       0x12 startup/startup_stm32.o

.debug_aranges  0x00000000      0x7c8
 .debug_aranges
                0x00000000       0x40 StdPeriph_Driver/src/misc.o
 .debug_aranges
                0x00000040      0x138 StdPeriph_Driver/src/stm32f10x_adc.o
 .debug_aranges
                0x00000178       0x58 StdPeriph_Driver/src/stm32f10x_exti.o
 .debug_aranges
                0x000001d0       0xa8 StdPeriph_Driver/src/stm32f10x_gpio.o
 .debug_aranges
                0x00000278      0x118 StdPeriph_Driver/src/stm32f10x_rcc.o
 .debug_aranges
                0x00000390      0x2f0 StdPeriph_Driver/src/stm32f10x_tim.o
 .debug_aranges
                0x00000680       0xe8 src/main.o
 .debug_aranges
                0x00000768       0x38 src/system_stm32f10x.o
 .debug_aranges
                0x000007a0       0x28 startup/startup_stm32.o

.debug_ranges   0x00000000      0x740
 .debug_ranges  0x00000000       0x30 StdPeriph_Driver/src/misc.o
 .debug_ranges  0x00000030      0x128 StdPeriph_Driver/src/stm32f10x_adc.o
 .debug_ranges  0x00000158       0x48 StdPeriph_Driver/src/stm32f10x_exti.o
 .debug_ranges  0x000001a0       0x98 StdPeriph_Driver/src/stm32f10x_gpio.o
 .debug_ranges  0x00000238      0x108 StdPeriph_Driver/src/stm32f10x_rcc.o
 .debug_ranges  0x00000340      0x2e0 StdPeriph_Driver/src/stm32f10x_tim.o
 .debug_ranges  0x00000620       0xd8 src/main.o
 .debug_ranges  0x000006f8       0x28 src/system_stm32f10x.o
 .debug_ranges  0x00000720       0x20 startup/startup_stm32.o

.debug_macro    0x00000000     0xe967
 .debug_macro   0x00000000      0x18b StdPeriph_Driver/src/misc.o
 .debug_macro   0x0000018b      0x88c StdPeriph_Driver/src/misc.o
 .debug_macro   0x00000a17       0x56 StdPeriph_Driver/src/misc.o
 .debug_macro   0x00000a6d       0x22 StdPeriph_Driver/src/misc.o
 .debug_macro   0x00000a8f       0x22 StdPeriph_Driver/src/misc.o
 .debug_macro   0x00000ab1       0x44 StdPeriph_Driver/src/misc.o
 .debug_macro   0x00000af5       0xfd StdPeriph_Driver/src/misc.o
 .debug_macro   0x00000bf2       0x5e StdPeriph_Driver/src/misc.o
 .debug_macro   0x00000c50      0x1df StdPeriph_Driver/src/misc.o
 .debug_macro   0x00000e2f      0x69f StdPeriph_Driver/src/misc.o
 .debug_macro   0x000014ce     0x7dbe StdPeriph_Driver/src/misc.o
 .debug_macro   0x0000928c      0x2df StdPeriph_Driver/src/misc.o
 .debug_macro   0x0000956b      0x144 StdPeriph_Driver/src/misc.o
 .debug_macro   0x000096af      0x3cf StdPeriph_Driver/src/misc.o
 .debug_macro   0x00009a7e       0xc8 StdPeriph_Driver/src/misc.o
 .debug_macro   0x00009b46      0x17a StdPeriph_Driver/src/misc.o
 .debug_macro   0x00009cc0       0xac StdPeriph_Driver/src/misc.o
 .debug_macro   0x00009d6c      0x3ad StdPeriph_Driver/src/misc.o
 .debug_macro   0x0000a119       0x9a StdPeriph_Driver/src/misc.o
 .debug_macro   0x0000a1b3      0x2cf StdPeriph_Driver/src/misc.o
 .debug_macro   0x0000a482      0x279 StdPeriph_Driver/src/misc.o
 .debug_macro   0x0000a6fb      0x2ac StdPeriph_Driver/src/misc.o
 .debug_macro   0x0000a9a7      0x2b1 StdPeriph_Driver/src/misc.o
 .debug_macro   0x0000ac58       0x64 StdPeriph_Driver/src/misc.o
 .debug_macro   0x0000acbc       0x82 StdPeriph_Driver/src/misc.o
 .debug_macro   0x0000ad3e      0x3e2 StdPeriph_Driver/src/misc.o
 .debug_macro   0x0000b120       0x58 StdPeriph_Driver/src/misc.o
 .debug_macro   0x0000b178      0x341 StdPeriph_Driver/src/misc.o
 .debug_macro   0x0000b4b9      0x2c4 StdPeriph_Driver/src/misc.o
 .debug_macro   0x0000b77d      0x711 StdPeriph_Driver/src/misc.o
 .debug_macro   0x0000be8e      0x220 StdPeriph_Driver/src/misc.o
 .debug_macro   0x0000c0ae       0x34 StdPeriph_Driver/src/misc.o
 .debug_macro   0x0000c0e2       0x35 StdPeriph_Driver/src/misc.o
 .debug_macro   0x0000c117       0x85 StdPeriph_Driver/src/misc.o
 .debug_macro   0x0000c19c      0x285 StdPeriph_Driver/src/stm32f10x_adc.o
 .debug_macro   0x0000c421      0x13e StdPeriph_Driver/src/stm32f10x_adc.o
 .debug_macro   0x0000c55f       0x8b StdPeriph_Driver/src/stm32f10x_adc.o
 .debug_macro   0x0000c5ea      0x18b StdPeriph_Driver/src/stm32f10x_exti.o
 .debug_macro   0x0000c775       0x94 StdPeriph_Driver/src/stm32f10x_exti.o
 .debug_macro   0x0000c809      0x1d7 StdPeriph_Driver/src/stm32f10x_gpio.o
 .debug_macro   0x0000c9e0      0x2a6 StdPeriph_Driver/src/stm32f10x_gpio.o
 .debug_macro   0x0000cc86      0x2a1 StdPeriph_Driver/src/stm32f10x_rcc.o
 .debug_macro   0x0000cf27      0x3dc StdPeriph_Driver/src/stm32f10x_rcc.o
 .debug_macro   0x0000d303      0x1a1 StdPeriph_Driver/src/stm32f10x_tim.o
 .debug_macro   0x0000d4a4      0x70b StdPeriph_Driver/src/stm32f10x_tim.o
 .debug_macro   0x0000dbaf      0x250 src/main.o
 .debug_macro   0x0000ddff       0x52 src/main.o
 .debug_macro   0x0000de51       0x35 src/main.o
 .debug_macro   0x0000de86       0x9c src/main.o
 .debug_macro   0x0000df22      0x174 src/main.o
 .debug_macro   0x0000e096       0x52 src/main.o
 .debug_macro   0x0000e0e8       0x1f src/main.o
 .debug_macro   0x0000e107       0x43 src/main.o
 .debug_macro   0x0000e14a       0x20 src/main.o
 .debug_macro   0x0000e16a      0x187 src/main.o
 .debug_macro   0x0000e2f1      0x30d src/main.o
 .debug_macro   0x0000e5fe      0x1e1 src/main.o
 .debug_macro   0x0000e7df      0x188 src/system_stm32f10x.o

.debug_line     0x00000000     0x43b5
 .debug_line    0x00000000      0x59c StdPeriph_Driver/src/misc.o
 .debug_line    0x0000059c      0x88a StdPeriph_Driver/src/stm32f10x_adc.o
 .debug_line    0x00000e26      0x5f5 StdPeriph_Driver/src/stm32f10x_exti.o
 .debug_line    0x0000141b      0x71f StdPeriph_Driver/src/stm32f10x_gpio.o
 .debug_line    0x00001b3a      0x81b StdPeriph_Driver/src/stm32f10x_rcc.o
 .debug_line    0x00002355      0xea0 StdPeriph_Driver/src/stm32f10x_tim.o
 .debug_line    0x000031f5      0xb75 src/main.o
 .debug_line    0x00003d6a      0x5d4 src/system_stm32f10x.o
 .debug_line    0x0000433e       0x77 startup/startup_stm32.o

.debug_str      0x00000000    0x52d9d
 .debug_str     0x00000000    0x4ca48 StdPeriph_Driver/src/misc.o
                              0x4cbc0 (size before relaxing)
 .debug_str     0x0004ca48      0xb7e StdPeriph_Driver/src/stm32f10x_adc.o
                              0x4d514 (size before relaxing)
 .debug_str     0x0004d5c6      0x1ce StdPeriph_Driver/src/stm32f10x_exti.o
                              0x4cb49 (size before relaxing)
 .debug_str     0x0004d794      0x5a4 StdPeriph_Driver/src/stm32f10x_gpio.o
                              0x4cf38 (size before relaxing)
 .debug_str     0x0004dd38      0xb59 StdPeriph_Driver/src/stm32f10x_rcc.o
                              0x4d51e (size before relaxing)
 .debug_str     0x0004e891      0xc15 StdPeriph_Driver/src/stm32f10x_tim.o
                              0x4d63c (size before relaxing)
 .debug_str     0x0004f4a6     0x384d src/main.o
                              0x5089f (size before relaxing)
 .debug_str     0x00052cf3       0xaa src/system_stm32f10x.o
                              0x4cadc (size before relaxing)

.comment        0x00000000       0x6e
 .comment       0x00000000       0x6e StdPeriph_Driver/src/misc.o
                                 0x6f (size before relaxing)
 .comment       0x0000006e       0x6f StdPeriph_Driver/src/stm32f10x_adc.o
 .comment       0x0000006e       0x6f StdPeriph_Driver/src/stm32f10x_exti.o
 .comment       0x0000006e       0x6f StdPeriph_Driver/src/stm32f10x_gpio.o
 .comment       0x0000006e       0x6f StdPeriph_Driver/src/stm32f10x_rcc.o
 .comment       0x0000006e       0x6f StdPeriph_Driver/src/stm32f10x_tim.o
 .comment       0x0000006e       0x6f src/main.o
 .comment       0x0000006e       0x6f src/system_stm32f10x.o

.debug_frame    0x00000000     0x2324
 .debug_frame   0x00000000       0xd8 StdPeriph_Driver/src/misc.o
 .debug_frame   0x000000d8      0x5a4 StdPeriph_Driver/src/stm32f10x_adc.o
 .debug_frame   0x0000067c      0x148 StdPeriph_Driver/src/stm32f10x_exti.o
 .debug_frame   0x000007c4      0x2d0 StdPeriph_Driver/src/stm32f10x_gpio.o
 .debug_frame   0x00000a94      0x4f4 StdPeriph_Driver/src/stm32f10x_rcc.o
 .debug_frame   0x00000f88      0xe2c StdPeriph_Driver/src/stm32f10x_tim.o
 .debug_frame   0x00001db4      0x3d4 src/main.o
 .debug_frame   0x00002188       0x98 src/system_stm32f10x.o
 .debug_frame   0x00002220       0x2c c:/ac6/systemworkbench/plugins/fr.ac6.mcu.externaltools.arm-none.win32_1.13.2.201703061525/tools/compiler/bin/../lib/gcc/arm-none-eabi/5.4.1/../../../../arm-none-eabi/lib/armv7-m\libc.a(lib_a-init.o)
 .debug_frame   0x0000224c       0x50 c:/ac6/systemworkbench/plugins/fr.ac6.mcu.externaltools.arm-none.win32_1.13.2.201703061525/tools/compiler/bin/../lib/gcc/arm-none-eabi/5.4.1/../../../../arm-none-eabi/lib/armv7-m\libc.a(lib_a-__call_atexit.o)
 .debug_frame   0x0000229c       0x20 c:/ac6/systemworkbench/plugins/fr.ac6.mcu.externaltools.arm-none.win32_1.13.2.201703061525/tools/compiler/bin/../lib/gcc/arm-none-eabi/5.4.1/../../../../arm-none-eabi/lib/armv7-m\libc.a(lib_a-atexit.o)
 .debug_frame   0x000022bc       0x34 c:/ac6/systemworkbench/plugins/fr.ac6.mcu.externaltools.arm-none.win32_1.13.2.201703061525/tools/compiler/bin/../lib/gcc/arm-none-eabi/5.4.1/../../../../arm-none-eabi/lib/armv7-m\libc.a(lib_a-fini.o)
 .debug_frame   0x000022f0       0x34 c:/ac6/systemworkbench/plugins/fr.ac6.mcu.externaltools.arm-none.win32_1.13.2.201703061525/tools/compiler/bin/../lib/gcc/arm-none-eabi/5.4.1/../../../../arm-none-eabi/lib/armv7-m\libc.a(lib_a-__atexit.o)
