Archive member included to satisfy reference by file (symbol)

c:/ac6/systemworkbench/plugins/fr.ac6.mcu.externaltools.arm-none.win32_1.13.2.201703061525/tools/compiler/bin/../lib/gcc/arm-none-eabi/5.4.1/armv7-m\libgcc.a(_arm_addsubdf3.o)
                              src/main.o (__aeabi_dsub)
c:/ac6/systemworkbench/plugins/fr.ac6.mcu.externaltools.arm-none.win32_1.13.2.201703061525/tools/compiler/bin/../lib/gcc/arm-none-eabi/5.4.1/armv7-m\libgcc.a(_arm_muldivdf3.o)
                              src/main.o (__aeabi_dmul)
c:/ac6/systemworkbench/plugins/fr.ac6.mcu.externaltools.arm-none.win32_1.13.2.201703061525/tools/compiler/bin/../lib/gcc/arm-none-eabi/5.4.1/armv7-m\libgcc.a(_arm_cmpdf2.o)
                              src/main.o (__aeabi_dcmplt)
c:/ac6/systemworkbench/plugins/fr.ac6.mcu.externaltools.arm-none.win32_1.13.2.201703061525/tools/compiler/bin/../lib/gcc/arm-none-eabi/5.4.1/armv7-m\libgcc.a(_arm_fixdfsi.o)
                              src/main.o (__aeabi_d2iz)
c:/ac6/systemworkbench/plugins/fr.ac6.mcu.externaltools.arm-none.win32_1.13.2.201703061525/tools/compiler/bin/../lib/gcc/arm-none-eabi/5.4.1/armv7-m\libgcc.a(_arm_fixunsdfsi.o)
                              src/main.o (__aeabi_d2uiz)
c:/ac6/systemworkbench/plugins/fr.ac6.mcu.externaltools.arm-none.win32_1.13.2.201703061525/tools/compiler/bin/../lib/gcc/arm-none-eabi/5.4.1/../../../../arm-none-eabi/lib/armv7-m\libc.a(lib_a-errno.o)
                              src/syscalls.o (__errno)
c:/ac6/systemworkbench/plugins/fr.ac6.mcu.externaltools.arm-none.win32_1.13.2.201703061525/tools/compiler/bin/../lib/gcc/arm-none-eabi/5.4.1/../../../../arm-none-eabi/lib/armv7-m\libc.a(lib_a-exit.o)
                              c:/ac6/systemworkbench/plugins/fr.ac6.mcu.externaltools.arm-none.win32_1.13.2.201703061525/tools/compiler/bin/../lib/gcc/arm-none-eabi/5.4.1/../../../../arm-none-eabi/lib/armv7-m/crt0.o (exit)
c:/ac6/systemworkbench/plugins/fr.ac6.mcu.externaltools.arm-none.win32_1.13.2.201703061525/tools/compiler/bin/../lib/gcc/arm-none-eabi/5.4.1/../../../../arm-none-eabi/lib/armv7-m\libc.a(lib_a-impure.o)
                              c:/ac6/systemworkbench/plugins/fr.ac6.mcu.externaltools.arm-none.win32_1.13.2.201703061525/tools/compiler/bin/../lib/gcc/arm-none-eabi/5.4.1/../../../../arm-none-eabi/lib/armv7-m\libc.a(lib_a-exit.o) (_global_impure_ptr)
c:/ac6/systemworkbench/plugins/fr.ac6.mcu.externaltools.arm-none.win32_1.13.2.201703061525/tools/compiler/bin/../lib/gcc/arm-none-eabi/5.4.1/../../../../arm-none-eabi/lib/armv7-m\libc.a(lib_a-init.o)
                              c:/ac6/systemworkbench/plugins/fr.ac6.mcu.externaltools.arm-none.win32_1.13.2.201703061525/tools/compiler/bin/../lib/gcc/arm-none-eabi/5.4.1/../../../../arm-none-eabi/lib/armv7-m/crt0.o (__libc_init_array)
c:/ac6/systemworkbench/plugins/fr.ac6.mcu.externaltools.arm-none.win32_1.13.2.201703061525/tools/compiler/bin/../lib/gcc/arm-none-eabi/5.4.1/../../../../arm-none-eabi/lib/armv7-m\libc.a(lib_a-memset.o)
                              c:/ac6/systemworkbench/plugins/fr.ac6.mcu.externaltools.arm-none.win32_1.13.2.201703061525/tools/compiler/bin/../lib/gcc/arm-none-eabi/5.4.1/../../../../arm-none-eabi/lib/armv7-m/crt0.o (memset)
c:/ac6/systemworkbench/plugins/fr.ac6.mcu.externaltools.arm-none.win32_1.13.2.201703061525/tools/compiler/bin/../lib/gcc/arm-none-eabi/5.4.1/../../../../arm-none-eabi/lib/armv7-m\libc.a(lib_a-__call_atexit.o)
                              c:/ac6/systemworkbench/plugins/fr.ac6.mcu.externaltools.arm-none.win32_1.13.2.201703061525/tools/compiler/bin/../lib/gcc/arm-none-eabi/5.4.1/../../../../arm-none-eabi/lib/armv7-m\libc.a(lib_a-exit.o) (__call_exitprocs)
c:/ac6/systemworkbench/plugins/fr.ac6.mcu.externaltools.arm-none.win32_1.13.2.201703061525/tools/compiler/bin/../lib/gcc/arm-none-eabi/5.4.1/../../../../arm-none-eabi/lib/armv7-m\libc.a(lib_a-atexit.o)
                              c:/ac6/systemworkbench/plugins/fr.ac6.mcu.externaltools.arm-none.win32_1.13.2.201703061525/tools/compiler/bin/../lib/gcc/arm-none-eabi/5.4.1/../../../../arm-none-eabi/lib/armv7-m\libc.a(lib_a-__call_atexit.o) (atexit)
c:/ac6/systemworkbench/plugins/fr.ac6.mcu.externaltools.arm-none.win32_1.13.2.201703061525/tools/compiler/bin/../lib/gcc/arm-none-eabi/5.4.1/../../../../arm-none-eabi/lib/armv7-m\libc.a(lib_a-fini.o)
                              c:/ac6/systemworkbench/plugins/fr.ac6.mcu.externaltools.arm-none.win32_1.13.2.201703061525/tools/compiler/bin/../lib/gcc/arm-none-eabi/5.4.1/../../../../arm-none-eabi/lib/armv7-m\libc.a(lib_a-__call_atexit.o) (__libc_fini_array)
c:/ac6/systemworkbench/plugins/fr.ac6.mcu.externaltools.arm-none.win32_1.13.2.201703061525/tools/compiler/bin/../lib/gcc/arm-none-eabi/5.4.1/../../../../arm-none-eabi/lib/armv7-m\libc.a(lib_a-__atexit.o)
[...]
Memory Configuration

Name             Origin             Length             Attributes
RAM              0x20000000         0x00005000         xrw
ROM              0x08000000         0x00010000         xr
*default*        0x00000000         0xffffffff

Linker script and memory map

LOAD c:/ac6/systemworkbench/plugins/fr.ac6.mcu.externaltools.arm-none.win32_1.13.2.201703061525/tools/compiler/bin/../lib/gcc/arm-none-eabi/5.4.1/armv7-m/crti.o
LOAD c:/ac6/systemworkbench/plugins/fr.ac6.mcu.externaltools.arm-none.win32_1.13.2.201703061525/tools/compiler/bin/../lib/gcc/arm-none-eabi/5.4.1/armv7-m/crtbegin.o
LOAD c:/ac6/systemworkbench/plugins/fr.ac6.mcu.externaltools.arm-none.win32_1.13.2.201703061525/tools/compiler/bin/../lib/gcc/arm-none-eabi/5.4.1/../../../../arm-none-eabi/lib/armv7-m/crt0.o
LOAD c:/ac6/systemworkbench/plugins/fr.ac6.mcu.externaltools.arm-none.win32_1.13.2.201703061525/tools/compiler/bin/../lib/gcc/arm-none-eabi/5.4.1/../../../../arm-none-eabi/lib/armv7-m\libm.a
LOAD CMSIS/core/core_cm3.o
LOAD StdPeriph_Driver/src/misc.o
LOAD StdPeriph_Driver/src/stm32f10x_adc.o
LOAD StdPeriph_Driver/src/stm32f10x_bkp.o
LOAD StdPeriph_Driver/src/stm32f10x_can.o
LOAD StdPeriph_Driver/src/stm32f10x_cec.o
LOAD StdPeriph_Driver/src/stm32f10x_crc.o
LOAD StdPeriph_Driver/src/stm32f10x_dac.o
LOAD StdPeriph_Driver/src/stm32f10x_dbgmcu.o
LOAD StdPeriph_Driver/src/stm32f10x_dma.o
LOAD StdPeriph_Driver/src/stm32f10x_exti.o
LOAD StdPeriph_Driver/src/stm32f10x_flash.o
LOAD StdPeriph_Driver/src/stm32f10x_fsmc.o
LOAD StdPeriph_Driver/src/stm32f10x_gpio.o
LOAD StdPeriph_Driver/src/stm32f10x_i2c.o
LOAD StdPeriph_Driver/src/stm32f10x_iwdg.o
LOAD StdPeriph_Driver/src/stm32f10x_pwr.o
LOAD StdPeriph_Driver/src/stm32f10x_rcc.o
LOAD StdPeriph_Driver/src/stm32f10x_rtc.o
LOAD StdPeriph_Driver/src/stm32f10x_sdio.o
LOAD StdPeriph_Driver/src/stm32f10x_spi.o
LOAD StdPeriph_Driver/src/stm32f10x_tim.o
LOAD StdPeriph_Driver/src/stm32f10x_usart.o
LOAD StdPeriph_Driver/src/stm32f10x_wwdg.o
LOAD src/main.o
LOAD src/syscalls.o
LOAD src/system_stm32f10x.o
LOAD startup/startup_stm32.o
START GROUP
LOAD c:/ac6/systemworkbench/plugins/fr.ac6.mcu.externaltools.arm-none.win32_1.13.2.201703061525/tools/compiler/bin/../lib/gcc/arm-none-eabi/5.4.1/armv7-m\libgcc.a
LOAD c:/ac6/systemworkbench/plugins/fr.ac6.mcu.externaltools.arm-none.win32_1.13.2.201703061525/tools/compiler/bin/../lib/gcc/arm-none-eabi/5.4.1/../../../../arm-none-eabi/lib/armv7-m\libc.a
END GROUP
LOAD c:/ac6/systemworkbench/plugins/fr.ac6.mcu.externaltools.arm-none.win32_1.13.2.201703061525/tools/compiler/bin/../lib/gcc/arm-none-eabi/5.4.1/armv7-m/crtend.o
LOAD c:/ac6/systemworkbench/plugins/fr.ac6.mcu.externaltools.arm-none.win32_1.13.2.201703061525/tools/compiler/bin/../lib/gcc/arm-none-eabi/5.4.1/armv7-m/crtn.o
                0x20005000                _estack = 0x20005000
                0x00000000                _Min_Heap_Size = 0x0
                0x00000400                _Min_Stack_Size = 0x400

.isr_vector     0x08000000      0x188
                0x08000000                . = ALIGN (0x4)
 *(.isr_vector)
 .isr_vector    0x08000000      0x188 startup/startup_stm32.o
                0x08000000                g_pfnVectors
                0x08000188                . = ALIGN (0x4)

.text           0x08000188     0x3cf4
                0x08000188                . = ALIGN (0x4)
 *(.text)
 .text          0x08000188       0x5c c:/ac6/systemworkbench/plugins/fr.ac6.mcu.externaltools.arm-none.win32_1.13.2.201703061525/tools/compiler/bin/../lib/gcc/arm-none-eabi/5.4.1/armv7-m/crtbegin.o
 .text          0x080001e4      0x370 c:/ac6/systemworkbench/plugins/fr.ac6.mcu.externaltools.arm-none.win32_1.13.2.201703061525/tools/compiler/bin/../lib/gcc/arm-none-eabi/5.4.1/armv7-m\libgcc.a(_arm_addsubdf3.o)
                0x080001e4                __aeabi_drsub
                0x080001ec                __aeabi_dsub
                0x080001ec                __subdf3
                0x080001f0                __aeabi_dadd
                0x080001f0                __adddf3
                0x08000468                __floatunsidf
                0x08000468                __aeabi_ui2d
                0x08000488                __floatsidf
                0x08000488                __aeabi_i2d
                0x080004ac                __aeabi_f2d
                0x080004ac                __extendsfdf2
                0x080004e8                __floatundidf
                0x080004e8                __aeabi_ul2d
                0x080004f8                __floatdidf
                0x080004f8                __aeabi_l2d
 .text          0x08000554      0x424 c:/ac6/systemworkbench/plugins/fr.ac6.mcu.externaltools.arm-none.win32_1.13.2.201703061525/tools/compiler/bin/../lib/gcc/arm-none-eabi/5.4.1/armv7-m\libgcc.a(_arm_muldivdf3.o)
                0x08000554                __aeabi_dmul
                0x08000554                __muldf3
                0x080007a8                __divdf3
                0x080007a8                __aeabi_ddiv
 .text          0x08000978      0x110 c:/ac6/systemworkbench/plugins/fr.ac6.mcu.externaltools.arm-none.win32_1.13.2.201703061525/tools/compiler/bin/../lib/gcc/arm-none-eabi/5.4.1/armv7-m\libgcc.a(_arm_cmpdf2.o)
                0x08000978                __gtdf2
                0x08000978                __gedf2
                0x08000980                __ltdf2
                0x08000980                __ledf2
                0x08000988                __nedf2
                0x08000988                __eqdf2
                0x08000988                __cmpdf2
                0x08000a04                __aeabi_cdrcmple
                0x08000a14                __aeabi_cdcmpeq
                0x08000a14                __aeabi_cdcmple
                0x08000a24                __aeabi_dcmpeq
                0x08000a38                __aeabi_dcmplt
                0x08000a4c                __aeabi_dcmple
                0x08000a60                __aeabi_dcmpge
                0x08000a74                __aeabi_dcmpgt
 .text          0x08000a88       0x50 c:/ac6/systemworkbench/plugins/fr.ac6.mcu.externaltools.arm-none.win32_1.13.2.201703061525/tools/compiler/bin/../lib/gcc/arm-none-eabi/5.4.1/armv7-m\libgcc.a(_arm_fixdfsi.o)
                0x08000a88                __aeabi_d2iz
                0x08000a88                __fixdfsi
 .text          0x08000ad8       0x40 c:/ac6/systemworkbench/plugins/fr.ac6.mcu.externaltools.arm-none.win32_1.13.2.201703061525/tools/compiler/bin/../lib/gcc/arm-none-eabi/5.4.1/armv7-m\libgcc.a(_arm_fixunsdfsi.o)
                0x08000ad8                __aeabi_d2uiz
                0x08000ad8                __fixunsdfsi
 *(.text*)
 .text.ADC_Init
                0x08000b18       0xa4 StdPeriph_Driver/src/stm32f10x_adc.o
                0x08000b18                ADC_Init
 .text.ADC_StructInit
                0x08000bbc       0x38 StdPeriph_Driver/src/stm32f10x_adc.o
                0x08000bbc                ADC_StructInit
 .text.ADC_Cmd  0x08000bf4       0x38 StdPeriph_Driver/src/stm32f10x_adc.o
                0x08000bf4                ADC_Cmd
 .text.ADC_ResetCalibration
                0x08000c2c       0x20 StdPeriph_Driver/src/stm32f10x_adc.o
                0x08000c2c                ADC_ResetCalibration
 .text.ADC_GetResetCalibrationStatus
                0x08000c4c       0x30 StdPeriph_Driver/src/stm32f10x_adc.o
                0x08000c4c                ADC_GetResetCalibrationStatus
 .text.ADC_StartCalibration
                0x08000c7c       0x20 StdPeriph_Driver/src/stm32f10x_adc.o
                0x08000c7c                ADC_StartCalibration
 .text.ADC_GetCalibrationStatus
                0x08000c9c       0x30 StdPeriph_Driver/src/stm32f10x_adc.o
                0x08000c9c                ADC_GetCalibrationStatus
 .text.ADC_SoftwareStartConvCmd
                0x08000ccc       0x38 StdPeriph_Driver/src/stm32f10x_adc.o
                0x08000ccc                ADC_SoftwareStartConvCmd
 .text.ADC_RegularChannelConfig
                0x08000d04      0x194 StdPeriph_Driver/src/stm32f10x_adc.o
                0x08000d04                ADC_RegularChannelConfig
 .text.ADC_GetConversionValue
                0x08000e98       0x18 StdPeriph_Driver/src/stm32f10x_adc.o
                0x08000e98                ADC_GetConversionValue
 .text.ADC_GetFlagStatus
                0x08000eb0       0x34 StdPeriph_Driver/src/stm32f10x_adc.o
                0x08000eb0                ADC_GetFlagStatus
 .text.GPIO_Init
                0x08000ee4      0x178 StdPeriph_Driver/src/stm32f10x_gpio.o
                0x08000ee4                GPIO_Init
 .text.GPIO_StructInit
                0x0800105c       0x28 StdPeriph_Driver/src/stm32f10x_gpio.o
                0x0800105c                GPIO_StructInit
 .text.GPIO_ReadInputDataBit
                0x08001084       0x34 StdPeriph_Driver/src/stm32f10x_gpio.o
                0x08001084                GPIO_ReadInputDataBit
 .text.GPIO_SetBits
                0x080010b8       0x1c StdPeriph_Driver/src/stm32f10x_gpio.o
                0x080010b8                GPIO_SetBits
 .text.GPIO_ResetBits
                0x080010d4       0x1c StdPeriph_Driver/src/stm32f10x_gpio.o
                0x080010d4                GPIO_ResetBits
 .text.RCC_ADCCLKConfig
                0x080010f0       0x38 StdPeriph_Driver/src/stm32f10x_rcc.o
                0x080010f0                RCC_ADCCLKConfig
 .text.RCC_APB2PeriphClockCmd
                0x08001128       0x3c StdPeriph_Driver/src/stm32f10x_rcc.o
                0x08001128                RCC_APB2PeriphClockCmd
 .text.RCC_APB1PeriphClockCmd
                0x08001164       0x3c StdPeriph_Driver/src/stm32f10x_rcc.o
                0x08001164                RCC_APB1PeriphClockCmd
 .text.TIM_TimeBaseInit
                0x080011a0       0xf8 StdPeriph_Driver/src/stm32f10x_tim.o
                0x080011a0                TIM_TimeBaseInit
 .text.TIM_OC2Init
                0x08001298      0x110 StdPeriph_Driver/src/stm32f10x_tim.o
                0x08001298                TIM_OC2Init
 .text.TIM_OC4Init
                0x080013a8       0xd0 StdPeriph_Driver/src/stm32f10x_tim.o
                0x080013a8                TIM_OC4Init
 .text.TIM_ICInit
                0x08001478       0xa8 StdPeriph_Driver/src/stm32f10x_tim.o
                0x08001478                TIM_ICInit
 .text.TIM_TimeBaseStructInit
                0x08001520       0x34 StdPeriph_Driver/src/stm32f10x_tim.o
                0x08001520                TIM_TimeBaseStructInit
 .text.TIM_OCStructInit
                0x08001554       0x44 StdPeriph_Driver/src/stm32f10x_tim.o
                0x08001554                TIM_OCStructInit
 .text.TIM_ICStructInit
                0x08001598       0x30 StdPeriph_Driver/src/stm32f10x_tim.o
                0x08001598                TIM_ICStructInit
 .text.TIM_Cmd  0x080015c8       0x40 StdPeriph_Driver/src/stm32f10x_tim.o
                0x080015c8                TIM_Cmd
 .text.TIM_EncoderInterfaceConfig
                0x08001608       0x98 StdPeriph_Driver/src/stm32f10x_tim.o
                0x08001608                TIM_EncoderInterfaceConfig
 .text.TIM_SetCounter
                0x080016a0       0x1c StdPeriph_Driver/src/stm32f10x_tim.o
                0x080016a0                TIM_SetCounter
 .text.TIM_SetCompare2
                0x080016bc       0x1c StdPeriph_Driver/src/stm32f10x_tim.o
                0x080016bc                TIM_SetCompare2
 .text.TIM_SetCompare4
                0x080016d8       0x20 StdPeriph_Driver/src/stm32f10x_tim.o
                0x080016d8                TIM_SetCompare4
 .text.TIM_SetIC1Prescaler
                0x080016f8       0x38 StdPeriph_Driver/src/stm32f10x_tim.o
                0x080016f8                TIM_SetIC1Prescaler
 .text.TIM_SetIC2Prescaler
                0x08001730       0x3c StdPeriph_Driver/src/stm32f10x_tim.o
                0x08001730                TIM_SetIC2Prescaler
 .text.TIM_SetIC3Prescaler
                0x0800176c       0x38 StdPeriph_Driver/src/stm32f10x_tim.o
                0x0800176c                TIM_SetIC3Prescaler
 .text.TIM_SetIC4Prescaler
                0x080017a4       0x3c StdPeriph_Driver/src/stm32f10x_tim.o
                0x080017a4                TIM_SetIC4Prescaler
 .text.TIM_GetCounter
                0x080017e0       0x18 StdPeriph_Driver/src/stm32f10x_tim.o
                0x080017e0                TIM_GetCounter
 .text.TI1_Config
                0x080017f8       0xe0 StdPeriph_Driver/src/stm32f10x_tim.o
 .text.TI2_Config
                0x080018d8       0xf4 StdPeriph_Driver/src/stm32f10x_tim.o
 .text.TI3_Config
                0x080019cc       0xec StdPeriph_Driver/src/stm32f10x_tim.o
 .text.TI4_Config
                0x08001ab8       0xf8 StdPeriph_Driver/src/stm32f10x_tim.o
 .text.NVIC_SetPriority
                0x08001bb0       0x54 src/main.o
 .text.SysTick_Config
                0x08001c04       0x44 src/main.o
 .text.stackPeek
                0x08001c48       0x30 src/main.o
                0x08001c48                stackPeek
 .text.stackPush
                0x08001c78       0x3c src/main.o
                0x08001c78                stackPush
 .text.stackPop
                0x08001cb4       0x28 src/main.o
                0x08001cb4                stackPop
 .text.initPola
                0x08001cdc      0x1d4 src/main.o
                0x08001cdc                initPola
 .text.sprawdzSciany
                0x08001eb0      0x2a0 src/main.o
                0x08001eb0                sprawdzSciany
 .text.checkPole
                0x08002150      0x244 src/main.o
                0x08002150                checkPole
 .text.findPath
                0x08002394      0xa08 src/main.o
                0x08002394                findPath
 .text.SysTick_Handler
                0x08002d9c       0x24 src/main.o
                0x08002d9c                SysTick_Handler
 .text.delay_ms
                0x08002dc0       0x28 src/main.o
                0x08002dc0                delay_ms
 .text.PWM_Init
                0x08002de8      0x114 src/main.o
                0x08002de8                PWM_Init
 .text.ENCODER_Init
                0x08002efc      0x140 src/main.o
                0x08002efc                ENCODER_Init
 .text.przyciskInit
                0x0800303c       0x38 src/main.o
                0x0800303c                przyciskInit
 .text.ledInit  0x08003074       0x4c src/main.o
                0x08003074                ledInit
 .text.ADC_Calib
                0x080030c0       0x34 src/main.o
                0x080030c0                ADC_Calib
 .text.adc_read
                0x080030f4       0x44 src/main.o
                0x080030f4                adc_read
 .text.ADC1_Init
                0x08003138       0x88 src/main.o
                0x08003138                ADC1_Init
 .text.go       0x080031c0      0x1a0 src/main.o
                0x080031c0                go
 .text.main     0x08003360      0x77c src/main.o
                0x08003360                main
 .text.SystemInit
                0x08003adc       0x68 src/system_stm32f10x.o
                0x08003adc                SystemInit
 .text.SetSysClock
                0x08003b44        0xc src/system_stm32f10x.o
 .text.SetSysClockTo72
                0x08003b50      0x100 src/system_stm32f10x.o
 .text.Reset_Handler
                0x08003c50       0x48 startup/startup_stm32.o
                0x08003c50                Reset_Handler
 .text.Default_Handler
                0x08003c98        0x2 startup/startup_stm32.o
                0x08003c98                DebugMon_Handler
                0x08003c98                HardFault_Handler
                0x08003c98                PendSV_Handler
                0x08003c98                NMI_Handler
                0x08003c98                UsageFault_Handler
                0x08003c98                Default_Handler
                0x08003c98                MemManage_Handler
                0x08003c98                SVC_Handler
                0x08003c98                BusFault_Handler
 *fill*         0x08003c9a        0x2 
 .text.__libc_init_array
                0x08003c9c       0x50 c:/ac6/systemworkbench/plugins/fr.ac6.mcu.externaltools.arm-none.win32_1.13.2.201703061525/tools/compiler/bin/../lib/gcc/arm-none-eabi/5.4.1/../../../../arm-none-eabi/lib/armv7-m\libc.a(lib_a-init.o)
                0x08003c9c                __libc_init_array
 .text.startup.register_fini
                0x08003cec       0x14 c:/ac6/systemworkbench/plugins/fr.ac6.mcu.externaltools.arm-none.win32_1.13.2.201703061525/tools/compiler/bin/../lib/gcc/arm-none-eabi/5.4.1/../../../../arm-none-eabi/lib/armv7-m\libc.a(lib_a-__call_atexit.o)
 .text.atexit   0x08003d00        0xc c:/ac6/systemworkbench/plugins/fr.ac6.mcu.externaltools.arm-none.win32_1.13.2.201703061525/tools/compiler/bin/../lib/gcc/arm-none-eabi/5.4.1/../../../../arm-none-eabi/lib/armv7-m\libc.a(lib_a-atexit.o)
                0x08003d00                atexit
 .text.__libc_fini_array
                0x08003d0c       0x28 c:/ac6/systemworkbench/plugins/fr.ac6.mcu.externaltools.arm-none.win32_1.13.2.201703061525/tools/compiler/bin/../lib/gcc/arm-none-eabi/5.4.1/../../../../arm-none-eabi/lib/armv7-m\libc.a(lib_a-fini.o)
                0x08003d0c                __libc_fini_array
 .text.__register_exitproc
                0x08003d34       0xa4 c:/ac6/systemworkbench/plugins/fr.ac6.mcu.externaltools.arm-none.win32_1.13.2.201703061525/tools/compiler/bin/../lib/gcc/arm-none-eabi/5.4.1/../../../../arm-none-eabi/lib/armv7-m\libc.a(lib_a-__atexit.o)
                0x08003d34                __register_exitproc
 .text.fmin     0x08003dd8       0x38 c:/ac6/systemworkbench/plugins/fr.ac6.mcu.externaltools.arm-none.win32_1.13.2.201703061525/tools/compiler/bin/../lib/gcc/arm-none-eabi/5.4.1/../../../../arm-none-eabi/lib/armv7-m\libm.a(lib_a-s_fmin.o)
                0x08003dd8                fmin
 .text.__fpclassifyd
                0x08003e10       0x54 c:/ac6/systemworkbench/plugins/fr.ac6.mcu.externaltools.arm-none.win32_1.13.2.201703061525/tools/compiler/bin/../lib/gcc/arm-none-eabi/5.4.1/../../../../arm-none-eabi/lib/armv7-m\libm.a(lib_a-s_fpclassify.o)
                0x08003e10                __fpclassifyd
 *(.glue_7)
 .glue_7        0x08003e64        0x0 linker stubs
 *(.glue_7t)
 .glue_7t       0x08003e64        0x0 linker stubs
 *(.eh_frame)
 .eh_frame      0x08003e64        0x0 c:/ac6/systemworkbench/plugins/fr.ac6.mcu.externaltools.arm-none.win32_1.13.2.201703061525/tools/compiler/bin/../lib/gcc/arm-none-eabi/5.4.1/armv7-m/crtbegin.o
 *(.init)
 .init          0x08003e64        0x4 c:/ac6/systemworkbench/plugins/fr.ac6.mcu.externaltools.arm-none.win32_1.13.2.201703061525/tools/compiler/bin/../lib/gcc/arm-none-eabi/5.4.1/armv7-m/crti.o
                0x08003e64                _init
 .init          0x08003e68        0x8 c:/ac6/systemworkbench/plugins/fr.ac6.mcu.externaltools.arm-none.win32_1.13.2.201703061525/tools/compiler/bin/../lib/gcc/arm-none-eabi/5.4.1/armv7-m/crtn.o
 *(.fini)
 .fini          0x08003e70        0x4 c:/ac6/systemworkbench/plugins/fr.ac6.mcu.externaltools.arm-none.win32_1.13.2.201703061525/tools/compiler/bin/../lib/gcc/arm-none-eabi/5.4.1/armv7-m/crti.o
                0x08003e70                _fini
 .fini          0x08003e74        0x8 c:/ac6/systemworkbench/plugins/fr.ac6.mcu.externaltools.arm-none.win32_1.13.2.201703061525/tools/compiler/bin/../lib/gcc/arm-none-eabi/5.4.1/armv7-m/crtn.o
                0x08003e7c                . = ALIGN (0x4)
                0x08003e7c                _etext = .

.vfp11_veneer   0x08003e7c        0x0
 .vfp11_veneer  0x08003e7c        0x0 linker stubs

.v4_bx          0x08003e7c        0x0
 .v4_bx         0x08003e7c        0x0 linker stubs

.iplt           0x08003e7c        0x0
 .iplt          0x08003e7c        0x0 c:/ac6/systemworkbench/plugins/fr.ac6.mcu.externaltools.arm-none.win32_1.13.2.201703061525/tools/compiler/bin/../lib/gcc/arm-none-eabi/5.4.1/armv7-m/crtbegin.o

.rodata         0x08003e7c        0x4
                0x08003e7c                . = ALIGN (0x4)
 *(.rodata)
 *(.rodata*)
 .rodata._global_impure_ptr
                0x08003e7c        0x4 c:/ac6/systemworkbench/plugins/fr.ac6.mcu.externaltools.arm-none.win32_1.13.2.201703061525/tools/compiler/bin/../lib/gcc/arm-none-eabi/5.4.1/../../../../arm-none-eabi/lib/armv7-m\libc.a(lib_a-impure.o)
                0x08003e7c                _global_impure_ptr
                0x08003e80                . = ALIGN (0x4)

.rel.dyn        0x08003e80        0x0
 .rel.iplt      0x08003e80        0x0 c:/ac6/systemworkbench/plugins/fr.ac6.mcu.externaltools.arm-none.win32_1.13.2.201703061525/tools/compiler/bin/../lib/gcc/arm-none-eabi/5.4.1/armv7-m/crtbegin.o

.ARM.extab      0x08003e80        0x0
                0x08003e80                . = ALIGN (0x4)
 *(.ARM.extab* .gnu.linkonce.armextab.*)
                0x08003e80                . = ALIGN (0x4)

.ARM            0x08003e80        0x0
                0x08003e80                . = ALIGN (0x4)
                0x08003e80                __exidx_start = .
 *(.ARM.exidx*)
                0x08003e80                __exidx_end = .
                0x08003e80                . = ALIGN (0x4)

.preinit_array  0x08003e80        0x0
                0x08003e80                . = ALIGN (0x4)
                0x08003e80                PROVIDE (__preinit_array_start, .)
 *(.preinit_array*)
                0x08003e80                PROVIDE (__preinit_array_end, .)
                0x08003e80                . = ALIGN (0x4)

.init_array     0x08003e80        0x8
                0x08003e80                . = ALIGN (0x4)
                0x08003e80                PROVIDE (__init_array_start, .)
 *(SORT(.init_array.*))
 .init_array.00000
                0x08003e80        0x4 c:/ac6/systemworkbench/plugins/fr.ac6.mcu.externaltools.arm-none.win32_1.13.2.201703061525/tools/compiler/bin/../lib/gcc/arm-none-eabi/5.4.1/../../../../arm-none-eabi/lib/armv7-m\libc.a(lib_a-__call_atexit.o)
 *(.init_array*)
 .init_array    0x08003e84        0x4 c:/ac6/systemworkbench/plugins/fr.ac6.mcu.externaltools.arm-none.win32_1.13.2.201703061525/tools/compiler/bin/../lib/gcc/arm-none-eabi/5.4.1/armv7-m/crtbegin.o
                0x08003e88                PROVIDE (__init_array_end, .)
                0x08003e88                . = ALIGN (0x4)

.fini_array     0x08003e88        0x4
                0x08003e88                . = ALIGN (0x4)
                0x08003e88                PROVIDE (__fini_array_start, .)
 *(SORT(.fini_array.*))
 *(.fini_array*)
 .fini_array    0x08003e88        0x4 c:/ac6/systemworkbench/plugins/fr.ac6.mcu.externaltools.arm-none.win32_1.13.2.201703061525/tools/compiler/bin/../lib/gcc/arm-none-eabi/5.4.1/armv7-m/crtbegin.o
                0x08003e8c                PROVIDE (__fini_array_end, .)
                0x08003e8c                . = ALIGN (0x4)
                0x08003e8c                _sidata = LOADADDR (.data)

.data           0x20000000      0x468 load address 0x08003e8c
                0x20000000                . = ALIGN (0x4)
                0x20000000                _sdata = .
 *(.data)
 .data          0x20000000       0x29 src/main.o
                0x20000000                obrotyFlag1
                0x20000001                obrotyFlag2
                0x20000004                previousTemp1
                0x20000008                previousTemp2
                0x2000000c                uchyb1
                0x20000010                uchyb2
                0x20000018                K
                0x20000020                Td
                0x20000028                previousKierunek
 *fill*         0x20000029        0x3 
 .data          0x2000002c       0x14 src/system_stm32f10x.o
                0x2000002c                SystemCoreClock
                0x20000030                AHBPrescTable
 *(.data*)
 .data.impure_data
                0x20000040      0x428 c:/ac6/systemworkbench/plugins/fr.ac6.mcu.externaltools.arm-none.win32_1.13.2.201703061525/tools/compiler/bin/../lib/gcc/arm-none-eabi/5.4.1/../../../../arm-none-eabi/lib/armv7-m\libc.a(lib_a-impure.o)
                0x20000468                . = ALIGN (0x4)
                0x20000468                _edata = .

.jcr            0x20000468        0x0 load address 0x080042f4
 .jcr           0x20000468        0x0 c:/ac6/systemworkbench/plugins/fr.ac6.mcu.externaltools.arm-none.win32_1.13.2.201703061525/tools/compiler/bin/../lib/gcc/arm-none-eabi/5.4.1/armv7-m/crtbegin.o

.igot.plt       0x20000468        0x0 load address 0x080042f4
 .igot.plt      0x20000468        0x0 c:/ac6/systemworkbench/plugins/fr.ac6.mcu.externaltools.arm-none.win32_1.13.2.201703061525/tools/compiler/bin/../lib/gcc/arm-none-eabi/5.4.1/armv7-m/crtbegin.o
                0x20000468                . = ALIGN (0x4)

.bss            0x20000468      0x360 load address 0x080042f4
                0x20000468                _sbss = .
                0x20000468                __bss_start__ = _sbss
 *(.bss)
 .bss           0x20000468       0x1c c:/ac6/systemworkbench/plugins/fr.ac6.mcu.externaltools.arm-none.win32_1.13.2.201703061525/tools/compiler/bin/../lib/gcc/arm-none-eabi/5.4.1/armv7-m/crtbegin.o
 *fill*         0x20000484        0x4 
 .bss           0x20000488       0x40 src/main.o
                0x20000488                timer_ms
                0x20000490                time
                0x20000498                obroty1
                0x200004a0                obroty2
                0x200004a8                temp1
                0x200004ac                temp2
                0x200004b0                target1
                0x200004b8                target2
                0x200004c0                uchybPrev1
                0x200004c4                uchybPrev2
 *(.bss*)
 *(COMMON)
 COMMON         0x200004c8      0x300 src/main.o
                0x200004c8                pola
                0x200007c8                . = ALIGN (0x4)
                0x200007c8                _ebss = .
                0x200007c8                __bss_end__ = _ebss

._user_heap_stack
                0x200007c8      0x400 load address 0x080042f4
                0x200007c8                . = ALIGN (0x8)
                0x200007c8                PROVIDE (end, .)
                [!provide]                PROVIDE (_end, .)
                0x200007c8                . = (. + _Min_Heap_Size)
                0x20000bc8                . = (. + _Min_Stack_Size)
 *fill*         0x200007c8      0x400 
                0x20000bc8                . = ALIGN (0x8)

/DISCARD/
 libc.a(*)
 libm.a(*)
 libgcc.a(*)

.ARM.attributes
                0x00000000       0x29
 *(.ARM.attributes)
 .ARM.attributes
                0x00000000       0x1d c:/ac6/systemworkbench/plugins/fr.ac6.mcu.externaltools.arm-none.win32_1.13.2.201703061525/tools/compiler/bin/../lib/gcc/arm-none-eabi/5.4.1/armv7-m/crti.o
 .ARM.attributes
                0x0000001d       0x2d c:/ac6/systemworkbench/plugins/fr.ac6.mcu.externaltools.arm-none.win32_1.13.2.201703061525/tools/compiler/bin/../lib/gcc/arm-none-eabi/5.4.1/armv7-m/crtbegin.o
 .ARM.attributes
                0x0000004a       0x33 StdPeriph_Driver/src/stm32f10x_adc.o
 .ARM.attributes
                0x0000007d       0x33 StdPeriph_Driver/src/stm32f10x_gpio.o
 .ARM.attributes
                0x000000b0       0x33 StdPeriph_Driver/src/stm32f10x_rcc.o
 .ARM.attributes
                0x000000e3       0x33 StdPeriph_Driver/src/stm32f10x_tim.o
 .ARM.attributes
                0x00000116       0x33 src/main.o
 .ARM.attributes
                0x00000149       0x33 src/system_stm32f10x.o
 .ARM.attributes
                0x0000017c       0x21 startup/startup_stm32.o
 .ARM.attributes
                0x0000019d       0x1d c:/ac6/systemworkbench/plugins/fr.ac6.mcu.externaltools.arm-none.win32_1.13.2.201703061525/tools/compiler/bin/../lib/gcc/arm-none-eabi/5.4.1/armv7-m\libgcc.a(_arm_addsubdf3.o)
 .ARM.attributes
                0x000001ba       0x1d c:/ac6/systemworkbench/plugins/fr.ac6.mcu.externaltools.arm-none.win32_1.13.2.201703061525/tools/compiler/bin/../lib/gcc/arm-none-eabi/5.4.1/armv7-m\libgcc.a(_arm_muldivdf3.o)
 .ARM.attributes
                0x000001d7       0x1d c:/ac6/systemworkbench/plugins/fr.ac6.mcu.externaltools.arm-none.win32_1.13.2.201703061525/tools/compiler/bin/../lib/gcc/arm-none-eabi/5.4.1/armv7-m\libgcc.a(_arm_cmpdf2.o)
 .ARM.attributes
                0x000001f4       0x1d c:/ac6/systemworkbench/plugins/fr.ac6.mcu.externaltools.arm-none.win32_1.13.2.201703061525/tools/compiler/bin/../lib/gcc/arm-none-eabi/5.4.1/armv7-m\libgcc.a(_arm_fixdfsi.o)
 .ARM.attributes
                0x00000211       0x1d c:/ac6/systemworkbench/plugins/fr.ac6.mcu.externaltools.arm-none.win32_1.13.2.201703061525/tools/compiler/bin/../lib/gcc/arm-none-eabi/5.4.1/armv7-m\libgcc.a(_arm_fixunsdfsi.o)
 .ARM.attributes
                0x0000022e       0x2d c:/ac6/systemworkbench/plugins/fr.ac6.mcu.externaltools.arm-none.win32_1.13.2.201703061525/tools/compiler/bin/../lib/gcc/arm-none-eabi/5.4.1/../../../../arm-none-eabi/lib/armv7-m\libc.a(lib_a-impure.o)
 .ARM.attributes
                0x0000025b       0x2d c:/ac6/systemworkbench/plugins/fr.ac6.mcu.externaltools.arm-none.win32_1.13.2.201703061525/tools/compiler/bin/../lib/gcc/arm-none-eabi/5.4.1/../../../../arm-none-eabi/lib/armv7-m\libc.a(lib_a-init.o)
 .ARM.attributes
                0x00000288       0x2d c:/ac6/systemworkbench/plugins/fr.ac6.mcu.externaltools.arm-none.win32_1.13.2.201703061525/tools/compiler/bin/../lib/gcc/arm-none-eabi/5.4.1/../../../../arm-none-eabi/lib/armv7-m\libc.a(lib_a-__call_atexit.o)
 .ARM.attributes
                0x000002b5       0x2d c:/ac6/systemworkbench/plugins/fr.ac6.mcu.externaltools.arm-none.win32_1.13.2.201703061525/tools/compiler/bin/../lib/gcc/arm-none-eabi/5.4.1/../../../../arm-none-eabi/lib/armv7-m\libc.a(lib_a-atexit.o)
 .ARM.attributes
                0x000002e2       0x2d c:/ac6/systemworkbench/plugins/fr.ac6.mcu.externaltools.arm-none.win32_1.13.2.201703061525/tools/compiler/bin/../lib/gcc/arm-none-eabi/5.4.1/../../../../arm-none-eabi/lib/armv7-m\libc.a(lib_a-fini.o)
 .ARM.attributes
                0x0000030f       0x2d c:/ac6/systemworkbench/plugins/fr.ac6.mcu.externaltools.arm-none.win32_1.13.2.201703061525/tools/compiler/bin/../lib/gcc/arm-none-eabi/5.4.1/../../../../arm-none-eabi/lib/armv7-m\libc.a(lib_a-__atexit.o)
 .ARM.attributes
                0x0000033c       0x1d c:/ac6/systemworkbench/plugins/fr.ac6.mcu.externaltools.arm-none.win32_1.13.2.201703061525/tools/compiler/bin/../lib/gcc/arm-none-eabi/5.4.1/armv7-m/crtn.o
OUTPUT(Ratatoskrv1.0.elf elf32-littlearm)

.debug_info     0x00000000     0x4e27
 .debug_info    0x00000000      0xb6e StdPeriph_Driver/src/stm32f10x_adc.o
 .debug_info    0x00000b6e      0x6e8 StdPeriph_Driver/src/stm32f10x_gpio.o
 .debug_info    0x00001256      0x895 StdPeriph_Driver/src/stm32f10x_rcc.o
 .debug_info    0x00001aeb     0x1c52 StdPeriph_Driver/src/stm32f10x_tim.o
 .debug_info    0x0000373d     0x123f src/main.o
 .debug_info    0x0000497c      0x44f src/system_stm32f10x.o
 .debug_info    0x00004dcb       0x5c startup/startup_stm32.o

.debug_abbrev   0x00000000      0xc14
 .debug_abbrev  0x00000000      0x19f StdPeriph_Driver/src/stm32f10x_adc.o
 .debug_abbrev  0x0000019f      0x1d1 StdPeriph_Driver/src/stm32f10x_gpio.o
 .debug_abbrev  0x00000370      0x1c1 StdPeriph_Driver/src/stm32f10x_rcc.o
 .debug_abbrev  0x00000531      0x1b7 StdPeriph_Driver/src/stm32f10x_tim.o
 .debug_abbrev  0x000006e8      0x39c src/main.o
 .debug_abbrev  0x00000a84      0x17e src/system_stm32f10x.o
 .debug_abbrev  0x00000c02       0x12 startup/startup_stm32.o

.debug_aranges  0x00000000      0x710
 .debug_aranges
                0x00000000      0x138 StdPeriph_Driver/src/stm32f10x_adc.o
 .debug_aranges
                0x00000138       0xa8 StdPeriph_Driver/src/stm32f10x_gpio.o
 .debug_aranges
                0x000001e0      0x118 StdPeriph_Driver/src/stm32f10x_rcc.o
 .debug_aranges
                0x000002f8      0x2f0 StdPeriph_Driver/src/stm32f10x_tim.o
 .debug_aranges
                0x000005e8       0xc8 src/main.o
 .debug_aranges
                0x000006b0       0x38 src/system_stm32f10x.o
 .debug_aranges
                0x000006e8       0x28 startup/startup_stm32.o

.debug_ranges   0x00000000      0x6a8
 .debug_ranges  0x00000000      0x128 StdPeriph_Driver/src/stm32f10x_adc.o
 .debug_ranges  0x00000128       0x98 StdPeriph_Driver/src/stm32f10x_gpio.o
 .debug_ranges  0x000001c0      0x108 StdPeriph_Driver/src/stm32f10x_rcc.o
 .debug_ranges  0x000002c8      0x2e0 StdPeriph_Driver/src/stm32f10x_tim.o
 .debug_ranges  0x000005a8       0xb8 src/main.o
 .debug_ranges  0x00000660       0x28 src/system_stm32f10x.o
 .debug_ranges  0x00000688       0x20 startup/startup_stm32.o

.debug_macro    0x00000000     0x25aa
 .debug_macro   0x00000000      0x285 StdPeriph_Driver/src/stm32f10x_adc.o
 .debug_macro   0x00000285      0x13e StdPeriph_Driver/src/stm32f10x_adc.o
 .debug_macro   0x000003c3       0x8b StdPeriph_Driver/src/stm32f10x_adc.o
 .debug_macro   0x0000044e      0x1d7 StdPeriph_Driver/src/stm32f10x_gpio.o
 .debug_macro   0x00000625      0x2a6 StdPeriph_Driver/src/stm32f10x_gpio.o
 .debug_macro   0x000008cb      0x2a1 StdPeriph_Driver/src/stm32f10x_rcc.o
 .debug_macro   0x00000b6c      0x3dc StdPeriph_Driver/src/stm32f10x_rcc.o
 .debug_macro   0x00000f48      0x1a1 StdPeriph_Driver/src/stm32f10x_tim.o
 .debug_macro   0x000010e9      0x70b StdPeriph_Driver/src/stm32f10x_tim.o
 .debug_macro   0x000017f4      0x24e src/main.o
 .debug_macro   0x00001a42       0x52 src/main.o
 .debug_macro   0x00001a94       0x35 src/main.o
 .debug_macro   0x00001ac9       0x9c src/main.o
 .debug_macro   0x00001b65      0x174 src/main.o
 .debug_macro   0x00001cd9       0x52 src/main.o
 .debug_macro   0x00001d2b       0x1f src/main.o
 .debug_macro   0x00001d4a       0x43 src/main.o
 .debug_macro   0x00001d8d       0x20 src/main.o
 .debug_macro   0x00001dad      0x187 src/main.o
 .debug_macro   0x00001f34      0x30d src/main.o
 .debug_macro   0x00002241      0x1e1 src/main.o
 .debug_macro   0x00002422      0x188 src/system_stm32f10x.o

.debug_line     0x00000000     0x37f5
 .debug_line    0x00000000      0x893 StdPeriph_Driver/src/stm32f10x_adc.o
 .debug_line    0x00000893      0x728 StdPeriph_Driver/src/stm32f10x_gpio.o
 .debug_line    0x00000fbb      0x824 StdPeriph_Driver/src/stm32f10x_rcc.o
 .debug_line    0x000017df      0xea9 StdPeriph_Driver/src/stm32f10x_tim.o
 .debug_line    0x00002688      0xb17 src/main.o
 .debug_line    0x0000319f      0x5dd src/system_stm32f10x.o
 .debug_line    0x0000377c       0x79 startup/startup_stm32.o

.debug_str      0x00000000    0x52a4f
 .debug_str     0x00000000    0x4d375 StdPeriph_Driver/src/stm32f10x_adc.o
                              0x4d517 (size before relaxing)
 .debug_str     0x0004d375      0x5ae StdPeriph_Driver/src/stm32f10x_gpio.o
                              0x4cf3b (size before relaxing)
 .debug_str     0x0004d923      0xb59 StdPeriph_Driver/src/stm32f10x_rcc.o
                              0x4d521 (size before relaxing)
 .debug_str     0x0004e47c      0xc3d StdPeriph_Driver/src/stm32f10x_tim.o
                              0x4d63f (size before relaxing)
 .debug_str     0x0004f0b9     0x38ec src/main.o
                              0x50753 (size before relaxing)
 .debug_str     0x000529a5       0xaa src/system_stm32f10x.o
                              0x4cadf (size before relaxing)

.comment        0x00000000       0x6e
 .comment       0x00000000       0x6e StdPeriph_Driver/src/stm32f10x_adc.o
                                 0x6f (size before relaxing)
 .comment       0x0000006e       0x6f StdPeriph_Driver/src/stm32f10x_gpio.o
 .comment       0x0000006e       0x6f StdPeriph_Driver/src/stm32f10x_rcc.o
 .comment       0x0000006e       0x6f StdPeriph_Driver/src/stm32f10x_tim.o
 .comment       0x0000006e       0x6f src/main.o
 .comment       0x0000006e       0x6f src/system_stm32f10x.o

.debug_frame    0x00000000     0x208c
 .debug_frame   0x00000000      0x5a4 StdPeriph_Driver/src/stm32f10x_adc.o
 .debug_frame   0x000005a4      0x2d0 StdPeriph_Driver/src/stm32f10x_gpio.o
 .debug_frame   0x00000874      0x4f4 StdPeriph_Driver/src/stm32f10x_rcc.o
 .debug_frame   0x00000d68      0xe2c StdPeriph_Driver/src/stm32f10x_tim.o
 .debug_frame   0x00001b94      0x35c src/main.o
 .debug_frame   0x00001ef0       0x98 src/system_stm32f10x.o
 .debug_frame   0x00001f88       0x2c c:/ac6/systemworkbench/plugins/fr.ac6.mcu.externaltools.arm-none.win32_1.13.2.201703061525/tools/compiler/bin/../lib/gcc/arm-none-eabi/5.4.1/../../../../arm-none-eabi/lib/armv7-m\libc.a(lib_a-init.o)
 .debug_frame   0x00001fb4       0x50 c:/ac6/systemworkbench/plugins/fr.ac6.mcu.externaltools.arm-none.win32_1.13.2.201703061525/tools/compiler/bin/../lib/gcc/arm-none-eabi/5.4.1/../../../../arm-none-eabi/lib/armv7-m\libc.a(lib_a-__call_atexit.o)
 .debug_frame   0x00002004       0x20 c:/ac6/systemworkbench/plugins/fr.ac6.mcu.externaltools.arm-none.win32_1.13.2.201703061525/tools/compiler/bin/../lib/gcc/arm-none-eabi/5.4.1/../../../../arm-none-eabi/lib/armv7-m\libc.a(lib_a-atexit.o)
 .debug_frame   0x00002024       0x34 c:/ac6/systemworkbench/plugins/fr.ac6.mcu.externaltools.arm-none.win32_1.13.2.201703061525/tools/compiler/bin/../lib/gcc/arm-none-eabi/5.4.1/../../../../arm-none-eabi/lib/armv7-m\libc.a(lib_a-fini.o)
 .debug_frame   0x00002058       0x34 c:/ac6/systemworkbench/plugins/fr.ac6.mcu.externaltools.arm-none.win32_1.13.2.201703061525/tools/compiler/bin/../lib/gcc/arm-none-eabi/5.4.1/../../../../arm-none-eabi/lib/armv7-m\libc.a(lib_a-__atexit.o)
